Archive member included to satisfy reference by file (symbol)

FreeRTOS-Kernel/libfreertos_kernel.a(port.c.obj)
                              FreeRTOS-Kernel/CMakeFiles/freertos_kernel.dir/tasks.c.obj (pxPortInitialiseStack)
/home/hanzhijian/workspace/stm32/build/compiler/arm-gnu-toolchain-14/arm-gnu-toolchain-14.3.rel1-x86_64-arm-none-eabi/bin/../lib/gcc/arm-none-eabi/14.3.1/thumb/v7e-m+fp/hard/libgcc.a(_arm_addsubdf3.o)
                              lvgl/CMakeFiles/lvgl_examples.dir/examples/widgets/scale/lv_example_scale_7.c.obj (__aeabi_ui2d)
/home/hanzhijian/workspace/stm32/build/compiler/arm-gnu-toolchain-14/arm-gnu-toolchain-14.3.rel1-x86_64-arm-none-eabi/bin/../lib/gcc/arm-none-eabi/14.3.1/thumb/v7e-m+fp/hard/libgcc.a(_aeabi_ldivmod.o)
                              lvgl/CMakeFiles/lvgl.dir/src/misc/lv_math.c.obj (__aeabi_ldivmod)
/home/hanzhijian/workspace/stm32/build/compiler/arm-gnu-toolchain-14/arm-gnu-toolchain-14.3.rel1-x86_64-arm-none-eabi/bin/../lib/gcc/arm-none-eabi/14.3.1/thumb/v7e-m+fp/hard/libgcc.a(_aeabi_uldivmod.o)
                              lvgl/CMakeFiles/lvgl.dir/src/stdlib/builtin/lv_mem_core_builtin.c.obj (__aeabi_uldivmod)
/home/hanzhijian/workspace/stm32/build/compiler/arm-gnu-toolchain-14/arm-gnu-toolchain-14.3.rel1-x86_64-arm-none-eabi/bin/../lib/gcc/arm-none-eabi/14.3.1/thumb/v7e-m+fp/hard/libgcc.a(_udivmoddi4.o)
                              /home/hanzhijian/workspace/stm32/build/compiler/arm-gnu-toolchain-14/arm-gnu-toolchain-14.3.rel1-x86_64-arm-none-eabi/bin/../lib/gcc/arm-none-eabi/14.3.1/thumb/v7e-m+fp/hard/libgcc.a(_aeabi_ldivmod.o) (__udivmoddi4)
/home/hanzhijian/workspace/stm32/build/compiler/arm-gnu-toolchain-14/arm-gnu-toolchain-14.3.rel1-x86_64-arm-none-eabi/bin/../lib/gcc/arm-none-eabi/14.3.1/thumb/v7e-m+fp/hard/libgcc.a(_dvmd_tls.o)
                              /home/hanzhijian/workspace/stm32/build/compiler/arm-gnu-toolchain-14/arm-gnu-toolchain-14.3.rel1-x86_64-arm-none-eabi/bin/../lib/gcc/arm-none-eabi/14.3.1/thumb/v7e-m+fp/hard/libgcc.a(_aeabi_ldivmod.o) (__aeabi_ldiv0)
/home/hanzhijian/workspace/stm32/build/compiler/arm-gnu-toolchain-14/arm-gnu-toolchain-14.3.rel1-x86_64-arm-none-eabi/bin/../lib/gcc/arm-none-eabi/14.3.1/../../../../arm-none-eabi/lib/thumb/v7e-m+fp/hard/libg.a(libc_a-exit.o)
                              /home/hanzhijian/workspace/stm32/build/compiler/arm-gnu-toolchain-14/arm-gnu-toolchain-14.3.rel1-x86_64-arm-none-eabi/bin/../lib/gcc/arm-none-eabi/14.3.1/../../../../arm-none-eabi/lib/thumb/v7e-m+fp/hard/crt0.o (exit)
/home/hanzhijian/workspace/stm32/build/compiler/arm-gnu-toolchain-14/arm-gnu-toolchain-14.3.rel1-x86_64-arm-none-eabi/bin/../lib/gcc/arm-none-eabi/14.3.1/../../../../arm-none-eabi/lib/thumb/v7e-m+fp/hard/libg.a(libc_a-fflush.o)
                              lvgl/CMakeFiles/lvgl.dir/src/misc/lv_log.c.obj (fflush)
/home/hanzhijian/workspace/stm32/build/compiler/arm-gnu-toolchain-14/arm-gnu-toolchain-14.3.rel1-x86_64-arm-none-eabi/bin/../lib/gcc/arm-none-eabi/14.3.1/../../../../arm-none-eabi/lib/thumb/v7e-m+fp/hard/libg.a(libc_a-findfp.o)
                              /home/hanzhijian/workspace/stm32/build/compiler/arm-gnu-toolchain-14/arm-gnu-toolchain-14.3.rel1-x86_64-arm-none-eabi/bin/../lib/gcc/arm-none-eabi/14.3.1/../../../../arm-none-eabi/lib/thumb/v7e-m+fp/hard/libg.a(libc_a-fflush.o) (__sglue)
/home/hanzhijian/workspace/stm32/build/compiler/arm-gnu-toolchain-14/arm-gnu-toolchain-14.3.rel1-x86_64-arm-none-eabi/bin/../lib/gcc/arm-none-eabi/14.3.1/../../../../arm-none-eabi/lib/thumb/v7e-m+fp/hard/libg.a(libc_a-fwalk.o)
                              /home/hanzhijian/workspace/stm32/build/compiler/arm-gnu-toolchain-14/arm-gnu-toolchain-14.3.rel1-x86_64-arm-none-eabi/bin/../lib/gcc/arm-none-eabi/14.3.1/../../../../arm-none-eabi/lib/thumb/v7e-m+fp/hard/libg.a(libc_a-fflush.o) (_fwalk_sglue)
/home/hanzhijian/workspace/stm32/build/compiler/arm-gnu-toolchain-14/arm-gnu-toolchain-14.3.rel1-x86_64-arm-none-eabi/bin/../lib/gcc/arm-none-eabi/14.3.1/../../../../arm-none-eabi/lib/thumb/v7e-m+fp/hard/libg.a(libc_a-printf.o)
                              CMakeFiles/STM32F429_Project.elf.dir/Application/main.c.obj (printf)
/home/hanzhijian/workspace/stm32/build/compiler/arm-gnu-toolchain-14/arm-gnu-toolchain-14.3.rel1-x86_64-arm-none-eabi/bin/../lib/gcc/arm-none-eabi/14.3.1/../../../../arm-none-eabi/lib/thumb/v7e-m+fp/hard/libg.a(libc_a-putchar.o)
                              lvgl/CMakeFiles/lvgl.dir/src/draw/dma2d/lv_draw_dma2d.c.obj (putchar)
/home/hanzhijian/workspace/stm32/build/compiler/arm-gnu-toolchain-14/arm-gnu-toolchain-14.3.rel1-x86_64-arm-none-eabi/bin/../lib/gcc/arm-none-eabi/14.3.1/../../../../arm-none-eabi/lib/thumb/v7e-m+fp/hard/libg.a(libc_a-puts.o)
                              CMakeFiles/STM32F429_Project.elf.dir/Application/main.c.obj (puts)
[...]
Memory Configuration

Name             Origin             Length             Attributes
FLASH            0x08000000         0x00200000         xr
RAM              0x20000000         0x00030000         xrw
CCMRAM           0x10000000         0x00010000         rw
SDRAM            0xd1000000         0x01000000         rw
*default*        0x00000000         0xffffffff

Linker script and memory map

LOAD /home/hanzhijian/workspace/stm32/build/compiler/arm-gnu-toolchain-14/arm-gnu-toolchain-14.3.rel1-x86_64-arm-none-eabi/bin/../lib/gcc/arm-none-eabi/14.3.1/thumb/v7e-m+fp/hard/crti.o
LOAD /home/hanzhijian/workspace/stm32/build/compiler/arm-gnu-toolchain-14/arm-gnu-toolchain-14.3.rel1-x86_64-arm-none-eabi/bin/../lib/gcc/arm-none-eabi/14.3.1/thumb/v7e-m+fp/hard/crtbegin.o
LOAD /home/hanzhijian/workspace/stm32/build/compiler/arm-gnu-toolchain-14/arm-gnu-toolchain-14.3.rel1-x86_64-arm-none-eabi/bin/../lib/gcc/arm-none-eabi/14.3.1/../../../../arm-none-eabi/lib/thumb/v7e-m+fp/hard/crt0.o
LOAD CMakeFiles/STM32F429_Project.elf.dir/startup/startup_stm32f429xx.s.obj
LOAD CMakeFiles/STM32F429_Project.elf.dir/Application/bsp_mpu_exti.c.obj
LOAD CMakeFiles/STM32F429_Project.elf.dir/Application/i2c.c.obj
LOAD CMakeFiles/STM32F429_Project.elf.dir/Application/led/bsp_led.c.obj
LOAD CMakeFiles/STM32F429_Project.elf.dir/Application/main.c.obj
LOAD CMakeFiles/STM32F429_Project.elf.dir/Application/stm32f4xx_it.c.obj
LOAD CMakeFiles/STM32F429_Project.elf.dir/Application/syscalls.c.obj
LOAD CMakeFiles/STM32F429_Project.elf.dir/Application/system_stm32f4xx.c.obj
LOAD CMakeFiles/STM32F429_Project.elf.dir/Application/usart.c.obj
LOAD CMakeFiles/STM32F429_Project.elf.dir/Drive/Source/bsp_i2c_touch.c.obj
LOAD CMakeFiles/STM32F429_Project.elf.dir/Drive/Source/bsp_lcd.c.obj
LOAD CMakeFiles/STM32F429_Project.elf.dir/Drive/Source/bsp_sdram.c.obj
LOAD CMakeFiles/STM32F429_Project.elf.dir/Drive/Source/bsp_touch_gtxx.c.obj
LOAD CMakeFiles/STM32F429_Project.elf.dir/STM32/STM32F4xx_StdPeriph_Driver/src/misc.c.obj
LOAD CMakeFiles/STM32F429_Project.elf.dir/STM32/STM32F4xx_StdPeriph_Driver/src/stm32f4xx_dma.c.obj
LOAD CMakeFiles/STM32F429_Project.elf.dir/STM32/STM32F4xx_StdPeriph_Driver/src/stm32f4xx_dma2d.c.obj
LOAD CMakeFiles/STM32F429_Project.elf.dir/STM32/STM32F4xx_StdPeriph_Driver/src/stm32f4xx_exti.c.obj
LOAD CMakeFiles/STM32F429_Project.elf.dir/STM32/STM32F4xx_StdPeriph_Driver/src/stm32f4xx_fmc.c.obj
LOAD CMakeFiles/STM32F429_Project.elf.dir/STM32/STM32F4xx_StdPeriph_Driver/src/stm32f4xx_gpio.c.obj
LOAD CMakeFiles/STM32F429_Project.elf.dir/STM32/STM32F4xx_StdPeriph_Driver/src/stm32f4xx_i2c.c.obj
LOAD CMakeFiles/STM32F429_Project.elf.dir/STM32/STM32F4xx_StdPeriph_Driver/src/stm32f4xx_ltdc.c.obj
LOAD CMakeFiles/STM32F429_Project.elf.dir/STM32/STM32F4xx_StdPeriph_Driver/src/stm32f4xx_rcc.c.obj
LOAD CMakeFiles/STM32F429_Project.elf.dir/STM32/STM32F4xx_StdPeriph_Driver/src/stm32f4xx_syscfg.c.obj
LOAD CMakeFiles/STM32F429_Project.elf.dir/STM32/STM32F4xx_StdPeriph_Driver/src/stm32f4xx_usart.c.obj
LOAD CMakeFiles/STM32F429_Project.elf.dir/STM32/CMSIS/RTOS2/Source/cmsis_os2.c.obj
LOAD CMakeFiles/STM32F429_Project.elf.dir/STM32/CMSIS/RTOS2/Source/os_systick.c.obj
LOAD FreeRTOS-Kernel/CMakeFiles/freertos_kernel.dir/croutine.c.obj
LOAD FreeRTOS-Kernel/CMakeFiles/freertos_kernel.dir/event_groups.c.obj
LOAD FreeRTOS-Kernel/CMakeFiles/freertos_kernel.dir/list.c.obj
LOAD FreeRTOS-Kernel/CMakeFiles/freertos_kernel.dir/queue.c.obj
LOAD FreeRTOS-Kernel/CMakeFiles/freertos_kernel.dir/stream_buffer.c.obj
LOAD FreeRTOS-Kernel/CMakeFiles/freertos_kernel.dir/tasks.c.obj
LOAD FreeRTOS-Kernel/CMakeFiles/freertos_kernel.dir/timers.c.obj
LOAD FreeRTOS-Kernel/CMakeFiles/freertos_kernel.dir/portable/MemMang/heap_4.c.obj
LOAD lvgl/CMakeFiles/lvgl_examples.dir/examples/anim/lv_example_anim_1.c.obj
LOAD lvgl/CMakeFiles/lvgl_examples.dir/examples/anim/lv_example_anim_2.c.obj
LOAD lvgl/CMakeFiles/lvgl_examples.dir/examples/anim/lv_example_anim_3.c.obj
LOAD lvgl/CMakeFiles/lvgl_examples.dir/examples/anim/lv_example_anim_4.c.obj
LOAD lvgl/CMakeFiles/lvgl_examples.dir/examples/anim/lv_example_anim_timeline_1.c.obj
LOAD lvgl/CMakeFiles/lvgl_examples.dir/examples/assets/animimg001.c.obj
LOAD lvgl/CMakeFiles/lvgl_examples.dir/examples/assets/animimg002.c.obj
LOAD lvgl/CMakeFiles/lvgl_examples.dir/examples/assets/animimg003.c.obj
LOAD lvgl/CMakeFiles/lvgl_examples.dir/examples/assets/emoji/img_emoji_F617.c.obj
LOAD lvgl/CMakeFiles/lvgl_examples.dir/examples/assets/img_caret_down.c.obj
LOAD lvgl/CMakeFiles/lvgl_examples.dir/examples/assets/img_cogwheel_argb.c.obj
LOAD lvgl/CMakeFiles/lvgl_examples.dir/examples/assets/img_cogwheel_indexed16.c.obj
LOAD lvgl/CMakeFiles/lvgl_examples.dir/examples/assets/img_cogwheel_rgb.c.obj
LOAD lvgl/CMakeFiles/lvgl_examples.dir/examples/assets/img_hand.c.obj
LOAD lvgl/CMakeFiles/lvgl_examples.dir/examples/assets/img_skew_strip.c.obj
LOAD lvgl/CMakeFiles/lvgl_examples.dir/examples/assets/img_star.c.obj
LOAD lvgl/CMakeFiles/lvgl_examples.dir/examples/assets/img_svg_img.c.obj
LOAD lvgl/CMakeFiles/lvgl_examples.dir/examples/assets/imgbtn_left.c.obj
LOAD lvgl/CMakeFiles/lvgl_examples.dir/examples/assets/imgbtn_mid.c.obj
LOAD lvgl/CMakeFiles/lvgl_examples.dir/examples/assets/imgbtn_right.c.obj
LOAD lvgl/CMakeFiles/lvgl_examples.dir/examples/event/lv_example_event_bubble.c.obj
LOAD lvgl/CMakeFiles/lvgl_examples.dir/examples/event/lv_example_event_button.c.obj
LOAD lvgl/CMakeFiles/lvgl_examples.dir/examples/event/lv_example_event_click.c.obj
LOAD lvgl/CMakeFiles/lvgl_examples.dir/examples/event/lv_example_event_draw.c.obj
LOAD lvgl/CMakeFiles/lvgl_examples.dir/examples/event/lv_example_event_streak.c.obj
LOAD lvgl/CMakeFiles/lvgl_examples.dir/examples/get_started/lv_example_get_started_1.c.obj
LOAD lvgl/CMakeFiles/lvgl_examples.dir/examples/get_started/lv_example_get_started_2.c.obj
LOAD lvgl/CMakeFiles/lvgl_examples.dir/examples/get_started/lv_example_get_started_3.c.obj
LOAD lvgl/CMakeFiles/lvgl_examples.dir/examples/get_started/lv_example_get_started_4.c.obj
LOAD lvgl/CMakeFiles/lvgl_examples.dir/examples/grad/lv_example_grad_1.c.obj
LOAD lvgl/CMakeFiles/lvgl_examples.dir/examples/grad/lv_example_grad_2.c.obj
LOAD lvgl/CMakeFiles/lvgl_examples.dir/examples/grad/lv_example_grad_3.c.obj
LOAD lvgl/CMakeFiles/lvgl_examples.dir/examples/grad/lv_example_grad_4.c.obj
LOAD lvgl/CMakeFiles/lvgl_examples.dir/examples/layouts/flex/lv_example_flex_1.c.obj
LOAD lvgl/CMakeFiles/lvgl_examples.dir/examples/layouts/flex/lv_example_flex_2.c.obj
LOAD lvgl/CMakeFiles/lvgl_examples.dir/examples/layouts/flex/lv_example_flex_3.c.obj
LOAD lvgl/CMakeFiles/lvgl_examples.dir/examples/layouts/flex/lv_example_flex_4.c.obj
LOAD lvgl/CMakeFiles/lvgl_examples.dir/examples/layouts/flex/lv_example_flex_5.c.obj
LOAD lvgl/CMakeFiles/lvgl_examples.dir/examples/layouts/flex/lv_example_flex_6.c.obj
LOAD lvgl/CMakeFiles/lvgl_examples.dir/examples/layouts/grid/lv_example_grid_1.c.obj
LOAD lvgl/CMakeFiles/lvgl_examples.dir/examples/layouts/grid/lv_example_grid_2.c.obj
LOAD lvgl/CMakeFiles/lvgl_examples.dir/examples/layouts/grid/lv_example_grid_3.c.obj
LOAD lvgl/CMakeFiles/lvgl_examples.dir/examples/layouts/grid/lv_example_grid_4.c.obj
LOAD lvgl/CMakeFiles/lvgl_examples.dir/examples/layouts/grid/lv_example_grid_5.c.obj
LOAD lvgl/CMakeFiles/lvgl_examples.dir/examples/layouts/grid/lv_example_grid_6.c.obj
LOAD lvgl/CMakeFiles/lvgl_examples.dir/examples/libs/barcode/lv_example_barcode_1.c.obj
LOAD lvgl/CMakeFiles/lvgl_examples.dir/examples/libs/bmp/lv_example_bmp_1.c.obj
LOAD lvgl/CMakeFiles/lvgl_examples.dir/examples/libs/ffmpeg/lv_example_ffmpeg_1.c.obj
LOAD lvgl/CMakeFiles/lvgl_examples.dir/examples/libs/ffmpeg/lv_example_ffmpeg_2.c.obj
LOAD lvgl/CMakeFiles/lvgl_examples.dir/examples/libs/freetype/lv_example_freetype_1.c.obj
LOAD lvgl/CMakeFiles/lvgl_examples.dir/examples/libs/freetype/lv_example_freetype_2.c.obj
LOAD lvgl/CMakeFiles/lvgl_examples.dir/examples/libs/freetype/lv_example_freetype_3.c.obj
LOAD lvgl/CMakeFiles/lvgl_examples.dir/examples/libs/gif/img_bulb_gif.c.obj
LOAD lvgl/CMakeFiles/lvgl_examples.dir/examples/libs/gif/lv_example_gif_1.c.obj
LOAD lvgl/CMakeFiles/lvgl_examples.dir/examples/libs/libjpeg_turbo/lv_example_libjpeg_turbo_1.c.obj
LOAD lvgl/CMakeFiles/lvgl_examples.dir/examples/libs/libpng/img_png_demo.c.obj
LOAD lvgl/CMakeFiles/lvgl_examples.dir/examples/libs/libpng/lv_example_libpng_1.c.obj
LOAD lvgl/CMakeFiles/lvgl_examples.dir/examples/libs/lodepng/img_wink_png.c.obj
LOAD lvgl/CMakeFiles/lvgl_examples.dir/examples/libs/lodepng/lv_example_lodepng_1.c.obj
LOAD lvgl/CMakeFiles/lvgl_examples.dir/examples/libs/qrcode/lv_example_qrcode_1.c.obj
LOAD lvgl/CMakeFiles/lvgl_examples.dir/examples/libs/rlottie/lv_example_rlottie_1.c.obj
LOAD lvgl/CMakeFiles/lvgl_examples.dir/examples/libs/rlottie/lv_example_rlottie_2.c.obj
LOAD lvgl/CMakeFiles/lvgl_examples.dir/examples/libs/rlottie/lv_example_rlottie_approve.c.obj
LOAD lvgl/CMakeFiles/lvgl_examples.dir/examples/libs/svg/lv_example_svg_1.c.obj
LOAD lvgl/CMakeFiles/lvgl_examples.dir/examples/libs/tiny_ttf/lv_example_tiny_ttf_1.c.obj
LOAD lvgl/CMakeFiles/lvgl_examples.dir/examples/libs/tiny_ttf/lv_example_tiny_ttf_2.c.obj
LOAD lvgl/CMakeFiles/lvgl_examples.dir/examples/libs/tiny_ttf/lv_example_tiny_ttf_3.c.obj
LOAD lvgl/CMakeFiles/lvgl_examples.dir/examples/libs/tiny_ttf/ubuntu_font.c.obj
LOAD lvgl/CMakeFiles/lvgl_examples.dir/examples/libs/tjpgd/lv_example_tjpgd_1.c.obj
LOAD lvgl/CMakeFiles/lvgl_examples.dir/examples/others/file_explorer/lv_example_file_explorer_1.c.obj
LOAD lvgl/CMakeFiles/lvgl_examples.dir/examples/others/file_explorer/lv_example_file_explorer_2.c.obj
LOAD lvgl/CMakeFiles/lvgl_examples.dir/examples/others/file_explorer/lv_example_file_explorer_3.c.obj
LOAD lvgl/CMakeFiles/lvgl_examples.dir/examples/others/font_manager/lv_example_font_manager_1.c.obj
LOAD lvgl/CMakeFiles/lvgl_examples.dir/examples/others/font_manager/lv_example_font_manager_2.c.obj
LOAD lvgl/CMakeFiles/lvgl_examples.dir/examples/others/font_manager/lv_example_font_manager_3.c.obj
LOAD lvgl/CMakeFiles/lvgl_examples.dir/examples/others/fragment/lv_example_fragment_1.c.obj
LOAD lvgl/CMakeFiles/lvgl_examples.dir/examples/others/fragment/lv_example_fragment_2.c.obj
LOAD lvgl/CMakeFiles/lvgl_examples.dir/examples/others/gestures/lv_example_gestures.c.obj
LOAD lvgl/CMakeFiles/lvgl_examples.dir/examples/others/gridnav/lv_example_gridnav_1.c.obj
LOAD lvgl/CMakeFiles/lvgl_examples.dir/examples/others/gridnav/lv_example_gridnav_2.c.obj
LOAD lvgl/CMakeFiles/lvgl_examples.dir/examples/others/gridnav/lv_example_gridnav_3.c.obj
LOAD lvgl/CMakeFiles/lvgl_examples.dir/examples/others/gridnav/lv_example_gridnav_4.c.obj
LOAD lvgl/CMakeFiles/lvgl_examples.dir/examples/others/gridnav/lv_example_gridnav_5.c.obj
LOAD lvgl/CMakeFiles/lvgl_examples.dir/examples/others/ime/lv_example_ime_pinyin_1.c.obj
LOAD lvgl/CMakeFiles/lvgl_examples.dir/examples/others/ime/lv_example_ime_pinyin_2.c.obj
LOAD lvgl/CMakeFiles/lvgl_examples.dir/examples/others/imgfont/lv_example_imgfont_1.c.obj
LOAD lvgl/CMakeFiles/lvgl_examples.dir/examples/others/monkey/lv_example_monkey_1.c.obj
LOAD lvgl/CMakeFiles/lvgl_examples.dir/examples/others/monkey/lv_example_monkey_2.c.obj
LOAD lvgl/CMakeFiles/lvgl_examples.dir/examples/others/monkey/lv_example_monkey_3.c.obj
LOAD lvgl/CMakeFiles/lvgl_examples.dir/examples/others/observer/lv_example_observer_1.c.obj
LOAD lvgl/CMakeFiles/lvgl_examples.dir/examples/others/observer/lv_example_observer_2.c.obj
LOAD lvgl/CMakeFiles/lvgl_examples.dir/examples/others/observer/lv_example_observer_3.c.obj
LOAD lvgl/CMakeFiles/lvgl_examples.dir/examples/others/observer/lv_example_observer_4.c.obj
LOAD lvgl/CMakeFiles/lvgl_examples.dir/examples/others/observer/lv_example_observer_5.c.obj
LOAD lvgl/CMakeFiles/lvgl_examples.dir/examples/others/observer/lv_example_observer_6.c.obj
LOAD lvgl/CMakeFiles/lvgl_examples.dir/examples/others/snapshot/lv_example_snapshot_1.c.obj
LOAD lvgl/CMakeFiles/lvgl_examples.dir/examples/others/xml/lv_example_xml_1.c.obj
LOAD lvgl/CMakeFiles/lvgl_examples.dir/examples/others/xml/lv_example_xml_2.c.obj
LOAD lvgl/CMakeFiles/lvgl_examples.dir/examples/porting/lv_port_disp_template.c.obj
LOAD lvgl/CMakeFiles/lvgl_examples.dir/examples/porting/lv_port_fs_template.c.obj
LOAD lvgl/CMakeFiles/lvgl_examples.dir/examples/porting/lv_port_indev_template.c.obj
LOAD lvgl/CMakeFiles/lvgl_examples.dir/examples/porting/lv_port_lcd_stm32_template.c.obj
LOAD lvgl/CMakeFiles/lvgl_examples.dir/examples/porting/osal/lv_example_osal.c.obj
LOAD lvgl/CMakeFiles/lvgl_examples.dir/examples/scroll/lv_example_scroll_1.c.obj
LOAD lvgl/CMakeFiles/lvgl_examples.dir/examples/scroll/lv_example_scroll_2.c.obj
LOAD lvgl/CMakeFiles/lvgl_examples.dir/examples/scroll/lv_example_scroll_3.c.obj
LOAD lvgl/CMakeFiles/lvgl_examples.dir/examples/scroll/lv_example_scroll_4.c.obj
LOAD lvgl/CMakeFiles/lvgl_examples.dir/examples/scroll/lv_example_scroll_5.c.obj
LOAD lvgl/CMakeFiles/lvgl_examples.dir/examples/scroll/lv_example_scroll_6.c.obj
LOAD lvgl/CMakeFiles/lvgl_examples.dir/examples/scroll/lv_example_scroll_7.c.obj
LOAD lvgl/CMakeFiles/lvgl_examples.dir/examples/scroll/lv_example_scroll_8.c.obj
LOAD lvgl/CMakeFiles/lvgl_examples.dir/examples/styles/lv_example_style_1.c.obj
LOAD lvgl/CMakeFiles/lvgl_examples.dir/examples/styles/lv_example_style_10.c.obj
LOAD lvgl/CMakeFiles/lvgl_examples.dir/examples/styles/lv_example_style_11.c.obj
LOAD lvgl/CMakeFiles/lvgl_examples.dir/examples/styles/lv_example_style_12.c.obj
LOAD lvgl/CMakeFiles/lvgl_examples.dir/examples/styles/lv_example_style_13.c.obj
LOAD lvgl/CMakeFiles/lvgl_examples.dir/examples/styles/lv_example_style_14.c.obj
LOAD lvgl/CMakeFiles/lvgl_examples.dir/examples/styles/lv_example_style_15.c.obj
LOAD lvgl/CMakeFiles/lvgl_examples.dir/examples/styles/lv_example_style_16.c.obj
LOAD lvgl/CMakeFiles/lvgl_examples.dir/examples/styles/lv_example_style_17.c.obj
LOAD lvgl/CMakeFiles/lvgl_examples.dir/examples/styles/lv_example_style_18.c.obj
LOAD lvgl/CMakeFiles/lvgl_examples.dir/examples/styles/lv_example_style_19.c.obj
LOAD lvgl/CMakeFiles/lvgl_examples.dir/examples/styles/lv_example_style_2.c.obj
LOAD lvgl/CMakeFiles/lvgl_examples.dir/examples/styles/lv_example_style_3.c.obj
LOAD lvgl/CMakeFiles/lvgl_examples.dir/examples/styles/lv_example_style_4.c.obj
LOAD lvgl/CMakeFiles/lvgl_examples.dir/examples/styles/lv_example_style_5.c.obj
LOAD lvgl/CMakeFiles/lvgl_examples.dir/examples/styles/lv_example_style_6.c.obj
LOAD lvgl/CMakeFiles/lvgl_examples.dir/examples/styles/lv_example_style_7.c.obj
LOAD lvgl/CMakeFiles/lvgl_examples.dir/examples/styles/lv_example_style_8.c.obj
LOAD lvgl/CMakeFiles/lvgl_examples.dir/examples/styles/lv_example_style_9.c.obj
LOAD lvgl/CMakeFiles/lvgl_examples.dir/examples/widgets/animimg/lv_example_animimg_1.c.obj
LOAD lvgl/CMakeFiles/lvgl_examples.dir/examples/widgets/arc/lv_example_arc_1.c.obj
LOAD lvgl/CMakeFiles/lvgl_examples.dir/examples/widgets/arc/lv_example_arc_2.c.obj
LOAD lvgl/CMakeFiles/lvgl_examples.dir/examples/widgets/arc/lv_example_arc_3.c.obj
LOAD lvgl/CMakeFiles/lvgl_examples.dir/examples/widgets/bar/lv_example_bar_1.c.obj
LOAD lvgl/CMakeFiles/lvgl_examples.dir/examples/widgets/bar/lv_example_bar_2.c.obj
LOAD lvgl/CMakeFiles/lvgl_examples.dir/examples/widgets/bar/lv_example_bar_3.c.obj
LOAD lvgl/CMakeFiles/lvgl_examples.dir/examples/widgets/bar/lv_example_bar_4.c.obj
LOAD lvgl/CMakeFiles/lvgl_examples.dir/examples/widgets/bar/lv_example_bar_5.c.obj
LOAD lvgl/CMakeFiles/lvgl_examples.dir/examples/widgets/bar/lv_example_bar_6.c.obj
LOAD lvgl/CMakeFiles/lvgl_examples.dir/examples/widgets/bar/lv_example_bar_7.c.obj
LOAD lvgl/CMakeFiles/lvgl_examples.dir/examples/widgets/button/lv_example_button_1.c.obj
LOAD lvgl/CMakeFiles/lvgl_examples.dir/examples/widgets/button/lv_example_button_2.c.obj
LOAD lvgl/CMakeFiles/lvgl_examples.dir/examples/widgets/button/lv_example_button_3.c.obj
LOAD lvgl/CMakeFiles/lvgl_examples.dir/examples/widgets/buttonmatrix/lv_example_buttonmatrix_1.c.obj
LOAD lvgl/CMakeFiles/lvgl_examples.dir/examples/widgets/buttonmatrix/lv_example_buttonmatrix_2.c.obj
LOAD lvgl/CMakeFiles/lvgl_examples.dir/examples/widgets/buttonmatrix/lv_example_buttonmatrix_3.c.obj
LOAD lvgl/CMakeFiles/lvgl_examples.dir/examples/widgets/calendar/lv_example_calendar_1.c.obj
LOAD lvgl/CMakeFiles/lvgl_examples.dir/examples/widgets/calendar/lv_example_calendar_2.c.obj
LOAD lvgl/CMakeFiles/lvgl_examples.dir/examples/widgets/canvas/lv_example_canvas_1.c.obj
LOAD lvgl/CMakeFiles/lvgl_examples.dir/examples/widgets/canvas/lv_example_canvas_10.c.obj
LOAD lvgl/CMakeFiles/lvgl_examples.dir/examples/widgets/canvas/lv_example_canvas_11.c.obj
LOAD lvgl/CMakeFiles/lvgl_examples.dir/examples/widgets/canvas/lv_example_canvas_2.c.obj
LOAD lvgl/CMakeFiles/lvgl_examples.dir/examples/widgets/canvas/lv_example_canvas_3.c.obj
LOAD lvgl/CMakeFiles/lvgl_examples.dir/examples/widgets/canvas/lv_example_canvas_4.c.obj
LOAD lvgl/CMakeFiles/lvgl_examples.dir/examples/widgets/canvas/lv_example_canvas_5.c.obj
LOAD lvgl/CMakeFiles/lvgl_examples.dir/examples/widgets/canvas/lv_example_canvas_6.c.obj
LOAD lvgl/CMakeFiles/lvgl_examples.dir/examples/widgets/canvas/lv_example_canvas_7.c.obj
LOAD lvgl/CMakeFiles/lvgl_examples.dir/examples/widgets/canvas/lv_example_canvas_8.c.obj
LOAD lvgl/CMakeFiles/lvgl_examples.dir/examples/widgets/canvas/lv_example_canvas_9.c.obj
LOAD lvgl/CMakeFiles/lvgl_examples.dir/examples/widgets/chart/lv_example_chart_1.c.obj
LOAD lvgl/CMakeFiles/lvgl_examples.dir/examples/widgets/chart/lv_example_chart_2.c.obj
LOAD lvgl/CMakeFiles/lvgl_examples.dir/examples/widgets/chart/lv_example_chart_3.c.obj
LOAD lvgl/CMakeFiles/lvgl_examples.dir/examples/widgets/chart/lv_example_chart_4.c.obj
LOAD lvgl/CMakeFiles/lvgl_examples.dir/examples/widgets/chart/lv_example_chart_5.c.obj
LOAD lvgl/CMakeFiles/lvgl_examples.dir/examples/widgets/chart/lv_example_chart_6.c.obj
LOAD lvgl/CMakeFiles/lvgl_examples.dir/examples/widgets/chart/lv_example_chart_7.c.obj
LOAD lvgl/CMakeFiles/lvgl_examples.dir/examples/widgets/chart/lv_example_chart_8.c.obj
LOAD lvgl/CMakeFiles/lvgl_examples.dir/examples/widgets/checkbox/lv_example_checkbox_1.c.obj
LOAD lvgl/CMakeFiles/lvgl_examples.dir/examples/widgets/checkbox/lv_example_checkbox_2.c.obj
LOAD lvgl/CMakeFiles/lvgl_examples.dir/examples/widgets/dropdown/lv_example_dropdown_1.c.obj
LOAD lvgl/CMakeFiles/lvgl_examples.dir/examples/widgets/dropdown/lv_example_dropdown_2.c.obj
LOAD lvgl/CMakeFiles/lvgl_examples.dir/examples/widgets/dropdown/lv_example_dropdown_3.c.obj
LOAD lvgl/CMakeFiles/lvgl_examples.dir/examples/widgets/image/lv_example_image_1.c.obj
LOAD lvgl/CMakeFiles/lvgl_examples.dir/examples/widgets/image/lv_example_image_2.c.obj
LOAD lvgl/CMakeFiles/lvgl_examples.dir/examples/widgets/image/lv_example_image_3.c.obj
LOAD lvgl/CMakeFiles/lvgl_examples.dir/examples/widgets/image/lv_example_image_4.c.obj
LOAD lvgl/CMakeFiles/lvgl_examples.dir/examples/widgets/image/lv_example_image_5.c.obj
LOAD lvgl/CMakeFiles/lvgl_examples.dir/examples/widgets/imagebutton/lv_example_imagebutton_1.c.obj
LOAD lvgl/CMakeFiles/lvgl_examples.dir/examples/widgets/keyboard/lv_example_keyboard_1.c.obj
LOAD lvgl/CMakeFiles/lvgl_examples.dir/examples/widgets/keyboard/lv_example_keyboard_2.c.obj
LOAD lvgl/CMakeFiles/lvgl_examples.dir/examples/widgets/keyboard/lv_example_keyboard_3.c.obj
LOAD lvgl/CMakeFiles/lvgl_examples.dir/examples/widgets/label/lv_example_label_1.c.obj
LOAD lvgl/CMakeFiles/lvgl_examples.dir/examples/widgets/label/lv_example_label_2.c.obj
LOAD lvgl/CMakeFiles/lvgl_examples.dir/examples/widgets/label/lv_example_label_3.c.obj
LOAD lvgl/CMakeFiles/lvgl_examples.dir/examples/widgets/label/lv_example_label_4.c.obj
LOAD lvgl/CMakeFiles/lvgl_examples.dir/examples/widgets/label/lv_example_label_5.c.obj
LOAD lvgl/CMakeFiles/lvgl_examples.dir/examples/widgets/label/lv_example_label_6.c.obj
LOAD lvgl/CMakeFiles/lvgl_examples.dir/examples/widgets/led/lv_example_led_1.c.obj
LOAD lvgl/CMakeFiles/lvgl_examples.dir/examples/widgets/line/lv_example_line_1.c.obj
LOAD lvgl/CMakeFiles/lvgl_examples.dir/examples/widgets/list/lv_example_list_1.c.obj
LOAD lvgl/CMakeFiles/lvgl_examples.dir/examples/widgets/list/lv_example_list_2.c.obj
LOAD lvgl/CMakeFiles/lvgl_examples.dir/examples/widgets/lottie/lv_example_lottie_1.c.obj
LOAD lvgl/CMakeFiles/lvgl_examples.dir/examples/widgets/lottie/lv_example_lottie_2.c.obj
LOAD lvgl/CMakeFiles/lvgl_examples.dir/examples/widgets/lottie/lv_example_lottie_approve.c.obj
LOAD lvgl/CMakeFiles/lvgl_examples.dir/examples/widgets/menu/lv_example_menu_1.c.obj
LOAD lvgl/CMakeFiles/lvgl_examples.dir/examples/widgets/menu/lv_example_menu_2.c.obj
LOAD lvgl/CMakeFiles/lvgl_examples.dir/examples/widgets/menu/lv_example_menu_3.c.obj
LOAD lvgl/CMakeFiles/lvgl_examples.dir/examples/widgets/menu/lv_example_menu_4.c.obj
LOAD lvgl/CMakeFiles/lvgl_examples.dir/examples/widgets/menu/lv_example_menu_5.c.obj
LOAD lvgl/CMakeFiles/lvgl_examples.dir/examples/widgets/msgbox/lv_example_msgbox_1.c.obj
LOAD lvgl/CMakeFiles/lvgl_examples.dir/examples/widgets/msgbox/lv_example_msgbox_2.c.obj
LOAD lvgl/CMakeFiles/lvgl_examples.dir/examples/widgets/obj/lv_example_obj_1.c.obj
LOAD lvgl/CMakeFiles/lvgl_examples.dir/examples/widgets/obj/lv_example_obj_2.c.obj
LOAD lvgl/CMakeFiles/lvgl_examples.dir/examples/widgets/obj/lv_example_obj_3.c.obj
LOAD lvgl/CMakeFiles/lvgl_examples.dir/examples/widgets/roller/lv_example_roller_1.c.obj
LOAD lvgl/CMakeFiles/lvgl_examples.dir/examples/widgets/roller/lv_example_roller_2.c.obj
LOAD lvgl/CMakeFiles/lvgl_examples.dir/examples/widgets/roller/lv_example_roller_3.c.obj
LOAD lvgl/CMakeFiles/lvgl_examples.dir/examples/widgets/scale/lv_example_scale_1.c.obj
LOAD lvgl/CMakeFiles/lvgl_examples.dir/examples/widgets/scale/lv_example_scale_10.c.obj
LOAD lvgl/CMakeFiles/lvgl_examples.dir/examples/widgets/scale/lv_example_scale_11.c.obj
LOAD lvgl/CMakeFiles/lvgl_examples.dir/examples/widgets/scale/lv_example_scale_2.c.obj
LOAD lvgl/CMakeFiles/lvgl_examples.dir/examples/widgets/scale/lv_example_scale_3.c.obj
LOAD lvgl/CMakeFiles/lvgl_examples.dir/examples/widgets/scale/lv_example_scale_4.c.obj
LOAD lvgl/CMakeFiles/lvgl_examples.dir/examples/widgets/scale/lv_example_scale_5.c.obj
LOAD lvgl/CMakeFiles/lvgl_examples.dir/examples/widgets/scale/lv_example_scale_6.c.obj
LOAD lvgl/CMakeFiles/lvgl_examples.dir/examples/widgets/scale/lv_example_scale_7.c.obj
LOAD lvgl/CMakeFiles/lvgl_examples.dir/examples/widgets/scale/lv_example_scale_8.c.obj
LOAD lvgl/CMakeFiles/lvgl_examples.dir/examples/widgets/scale/lv_example_scale_9.c.obj
LOAD lvgl/CMakeFiles/lvgl_examples.dir/examples/widgets/slider/lv_example_slider_1.c.obj
LOAD lvgl/CMakeFiles/lvgl_examples.dir/examples/widgets/slider/lv_example_slider_2.c.obj
LOAD lvgl/CMakeFiles/lvgl_examples.dir/examples/widgets/slider/lv_example_slider_3.c.obj
LOAD lvgl/CMakeFiles/lvgl_examples.dir/examples/widgets/slider/lv_example_slider_4.c.obj
LOAD lvgl/CMakeFiles/lvgl_examples.dir/examples/widgets/span/lv_example_span_1.c.obj
LOAD lvgl/CMakeFiles/lvgl_examples.dir/examples/widgets/spinbox/lv_example_spinbox_1.c.obj
LOAD lvgl/CMakeFiles/lvgl_examples.dir/examples/widgets/spinner/lv_example_spinner_1.c.obj
LOAD lvgl/CMakeFiles/lvgl_examples.dir/examples/widgets/switch/lv_example_switch_1.c.obj
LOAD lvgl/CMakeFiles/lvgl_examples.dir/examples/widgets/switch/lv_example_switch_2.c.obj
LOAD lvgl/CMakeFiles/lvgl_examples.dir/examples/widgets/table/lv_example_table_1.c.obj
LOAD lvgl/CMakeFiles/lvgl_examples.dir/examples/widgets/table/lv_example_table_2.c.obj
LOAD lvgl/CMakeFiles/lvgl_examples.dir/examples/widgets/tabview/lv_example_tabview_1.c.obj
LOAD lvgl/CMakeFiles/lvgl_examples.dir/examples/widgets/tabview/lv_example_tabview_2.c.obj
LOAD lvgl/CMakeFiles/lvgl_examples.dir/examples/widgets/textarea/lv_example_textarea_1.c.obj
LOAD lvgl/CMakeFiles/lvgl_examples.dir/examples/widgets/textarea/lv_example_textarea_2.c.obj
LOAD lvgl/CMakeFiles/lvgl_examples.dir/examples/widgets/textarea/lv_example_textarea_3.c.obj
LOAD lvgl/CMakeFiles/lvgl_examples.dir/examples/widgets/textarea/lv_example_textarea_4.c.obj
LOAD lvgl/CMakeFiles/lvgl_examples.dir/examples/widgets/tileview/lv_example_tileview_1.c.obj
LOAD lvgl/CMakeFiles/lvgl_examples.dir/examples/widgets/win/lv_example_win_1.c.obj
LOAD lvgl/CMakeFiles/lvgl_demos.dir/demos/benchmark/assets/img_benchmark_avatar.c.obj
LOAD lvgl/CMakeFiles/lvgl_demos.dir/demos/benchmark/assets/img_benchmark_lvgl_logo_argb.c.obj
LOAD lvgl/CMakeFiles/lvgl_demos.dir/demos/benchmark/assets/img_benchmark_lvgl_logo_rgb.c.obj
LOAD lvgl/CMakeFiles/lvgl_demos.dir/demos/benchmark/assets/lv_font_benchmark_montserrat_12_aligned.c.obj
LOAD lvgl/CMakeFiles/lvgl_demos.dir/demos/benchmark/assets/lv_font_benchmark_montserrat_14_aligned.c.obj
LOAD lvgl/CMakeFiles/lvgl_demos.dir/demos/benchmark/assets/lv_font_benchmark_montserrat_16_aligned.c.obj
LOAD lvgl/CMakeFiles/lvgl_demos.dir/demos/benchmark/assets/lv_font_benchmark_montserrat_18_aligned.c.obj
LOAD lvgl/CMakeFiles/lvgl_demos.dir/demos/benchmark/assets/lv_font_benchmark_montserrat_20_aligned.c.obj
LOAD lvgl/CMakeFiles/lvgl_demos.dir/demos/benchmark/assets/lv_font_benchmark_montserrat_24_aligned.c.obj
LOAD lvgl/CMakeFiles/lvgl_demos.dir/demos/benchmark/assets/lv_font_benchmark_montserrat_26_aligned.c.obj
LOAD lvgl/CMakeFiles/lvgl_demos.dir/demos/benchmark/lv_demo_benchmark.c.obj
LOAD lvgl/CMakeFiles/lvgl_demos.dir/demos/keypad_encoder/lv_demo_keypad_encoder.c.obj
LOAD lvgl/CMakeFiles/lvgl_demos.dir/demos/lv_demos.c.obj
LOAD lvgl/CMakeFiles/lvgl_demos.dir/demos/music/assets/img_lv_demo_music_btn_corner_large.c.obj
LOAD lvgl/CMakeFiles/lvgl_demos.dir/demos/music/assets/img_lv_demo_music_btn_list_pause.c.obj
LOAD lvgl/CMakeFiles/lvgl_demos.dir/demos/music/assets/img_lv_demo_music_btn_list_pause_large.c.obj
LOAD lvgl/CMakeFiles/lvgl_demos.dir/demos/music/assets/img_lv_demo_music_btn_list_play.c.obj
LOAD lvgl/CMakeFiles/lvgl_demos.dir/demos/music/assets/img_lv_demo_music_btn_list_play_large.c.obj
LOAD lvgl/CMakeFiles/lvgl_demos.dir/demos/music/assets/img_lv_demo_music_btn_loop.c.obj
LOAD lvgl/CMakeFiles/lvgl_demos.dir/demos/music/assets/img_lv_demo_music_btn_loop_large.c.obj
LOAD lvgl/CMakeFiles/lvgl_demos.dir/demos/music/assets/img_lv_demo_music_btn_next.c.obj
LOAD lvgl/CMakeFiles/lvgl_demos.dir/demos/music/assets/img_lv_demo_music_btn_next_large.c.obj
LOAD lvgl/CMakeFiles/lvgl_demos.dir/demos/music/assets/img_lv_demo_music_btn_pause.c.obj
LOAD lvgl/CMakeFiles/lvgl_demos.dir/demos/music/assets/img_lv_demo_music_btn_pause_large.c.obj
LOAD lvgl/CMakeFiles/lvgl_demos.dir/demos/music/assets/img_lv_demo_music_btn_play.c.obj
LOAD lvgl/CMakeFiles/lvgl_demos.dir/demos/music/assets/img_lv_demo_music_btn_play_large.c.obj
LOAD lvgl/CMakeFiles/lvgl_demos.dir/demos/music/assets/img_lv_demo_music_btn_prev.c.obj
LOAD lvgl/CMakeFiles/lvgl_demos.dir/demos/music/assets/img_lv_demo_music_btn_prev_large.c.obj
LOAD lvgl/CMakeFiles/lvgl_demos.dir/demos/music/assets/img_lv_demo_music_btn_rnd.c.obj
LOAD lvgl/CMakeFiles/lvgl_demos.dir/demos/music/assets/img_lv_demo_music_btn_rnd_large.c.obj
LOAD lvgl/CMakeFiles/lvgl_demos.dir/demos/music/assets/img_lv_demo_music_corner_left.c.obj
LOAD lvgl/CMakeFiles/lvgl_demos.dir/demos/music/assets/img_lv_demo_music_corner_left_large.c.obj
LOAD lvgl/CMakeFiles/lvgl_demos.dir/demos/music/assets/img_lv_demo_music_corner_right.c.obj
LOAD lvgl/CMakeFiles/lvgl_demos.dir/demos/music/assets/img_lv_demo_music_corner_right_large.c.obj
LOAD lvgl/CMakeFiles/lvgl_demos.dir/demos/music/assets/img_lv_demo_music_cover_1.c.obj
LOAD lvgl/CMakeFiles/lvgl_demos.dir/demos/music/assets/img_lv_demo_music_cover_1_large.c.obj
LOAD lvgl/CMakeFiles/lvgl_demos.dir/demos/music/assets/img_lv_demo_music_cover_2.c.obj
LOAD lvgl/CMakeFiles/lvgl_demos.dir/demos/music/assets/img_lv_demo_music_cover_2_large.c.obj
LOAD lvgl/CMakeFiles/lvgl_demos.dir/demos/music/assets/img_lv_demo_music_cover_3.c.obj
LOAD lvgl/CMakeFiles/lvgl_demos.dir/demos/music/assets/img_lv_demo_music_cover_3_large.c.obj
LOAD lvgl/CMakeFiles/lvgl_demos.dir/demos/music/assets/img_lv_demo_music_icon_1.c.obj
LOAD lvgl/CMakeFiles/lvgl_demos.dir/demos/music/assets/img_lv_demo_music_icon_1_large.c.obj
LOAD lvgl/CMakeFiles/lvgl_demos.dir/demos/music/assets/img_lv_demo_music_icon_2.c.obj
LOAD lvgl/CMakeFiles/lvgl_demos.dir/demos/music/assets/img_lv_demo_music_icon_2_large.c.obj
LOAD lvgl/CMakeFiles/lvgl_demos.dir/demos/music/assets/img_lv_demo_music_icon_3.c.obj
LOAD lvgl/CMakeFiles/lvgl_demos.dir/demos/music/assets/img_lv_demo_music_icon_3_large.c.obj
LOAD lvgl/CMakeFiles/lvgl_demos.dir/demos/music/assets/img_lv_demo_music_icon_4.c.obj
LOAD lvgl/CMakeFiles/lvgl_demos.dir/demos/music/assets/img_lv_demo_music_icon_4_large.c.obj
LOAD lvgl/CMakeFiles/lvgl_demos.dir/demos/music/assets/img_lv_demo_music_list_border.c.obj
LOAD lvgl/CMakeFiles/lvgl_demos.dir/demos/music/assets/img_lv_demo_music_list_border_large.c.obj
LOAD lvgl/CMakeFiles/lvgl_demos.dir/demos/music/assets/img_lv_demo_music_logo.c.obj
LOAD lvgl/CMakeFiles/lvgl_demos.dir/demos/music/assets/img_lv_demo_music_slider_knob.c.obj
LOAD lvgl/CMakeFiles/lvgl_demos.dir/demos/music/assets/img_lv_demo_music_slider_knob_large.c.obj
LOAD lvgl/CMakeFiles/lvgl_demos.dir/demos/music/assets/img_lv_demo_music_wave_bottom.c.obj
LOAD lvgl/CMakeFiles/lvgl_demos.dir/demos/music/assets/img_lv_demo_music_wave_bottom_large.c.obj
LOAD lvgl/CMakeFiles/lvgl_demos.dir/demos/music/assets/img_lv_demo_music_wave_top.c.obj
LOAD lvgl/CMakeFiles/lvgl_demos.dir/demos/music/assets/img_lv_demo_music_wave_top_large.c.obj
LOAD lvgl/CMakeFiles/lvgl_demos.dir/demos/music/lv_demo_music.c.obj
LOAD lvgl/CMakeFiles/lvgl_demos.dir/demos/music/lv_demo_music_list.c.obj
LOAD lvgl/CMakeFiles/lvgl_demos.dir/demos/music/lv_demo_music_main.c.obj
LOAD lvgl/CMakeFiles/lvgl_demos.dir/demos/render/assets/img_render_arc_bg.c.obj
LOAD lvgl/CMakeFiles/lvgl_demos.dir/demos/render/assets/img_render_lvgl_logo_argb8888.c.obj
LOAD lvgl/CMakeFiles/lvgl_demos.dir/demos/render/assets/img_render_lvgl_logo_argb8888_premultiplied.c.obj
LOAD lvgl/CMakeFiles/lvgl_demos.dir/demos/render/assets/img_render_lvgl_logo_i1.c.obj
LOAD lvgl/CMakeFiles/lvgl_demos.dir/demos/render/assets/img_render_lvgl_logo_l8.c.obj
LOAD lvgl/CMakeFiles/lvgl_demos.dir/demos/render/assets/img_render_lvgl_logo_rgb565.c.obj
LOAD lvgl/CMakeFiles/lvgl_demos.dir/demos/render/assets/img_render_lvgl_logo_rgb565_swapped.c.obj
LOAD lvgl/CMakeFiles/lvgl_demos.dir/demos/render/assets/img_render_lvgl_logo_rgb565a8.c.obj
LOAD lvgl/CMakeFiles/lvgl_demos.dir/demos/render/assets/img_render_lvgl_logo_rgb888.c.obj
LOAD lvgl/CMakeFiles/lvgl_demos.dir/demos/render/assets/img_render_lvgl_logo_xrgb8888.c.obj
LOAD lvgl/CMakeFiles/lvgl_demos.dir/demos/render/lv_demo_render.c.obj
LOAD lvgl/CMakeFiles/lvgl_demos.dir/demos/stress/lv_demo_stress.c.obj
LOAD lvgl/CMakeFiles/lvgl_demos.dir/demos/vector_graphic/assets/img_demo_vector_avatar.c.obj
LOAD lvgl/CMakeFiles/lvgl_demos.dir/demos/vector_graphic/lv_demo_vector_graphic.c.obj
LOAD lvgl/CMakeFiles/lvgl_demos.dir/demos/widgets/assets/img_clothes.c.obj
LOAD lvgl/CMakeFiles/lvgl_demos.dir/demos/widgets/assets/img_demo_widgets_avatar.c.obj
LOAD lvgl/CMakeFiles/lvgl_demos.dir/demos/widgets/assets/img_demo_widgets_needle.c.obj
LOAD lvgl/CMakeFiles/lvgl_demos.dir/demos/widgets/assets/img_lvgl_logo.c.obj
LOAD lvgl/CMakeFiles/lvgl_demos.dir/demos/widgets/lv_demo_widgets.c.obj
LOAD lvgl/CMakeFiles/lvgl.dir/src/core/lv_group.c.obj
LOAD lvgl/CMakeFiles/lvgl.dir/src/core/lv_obj.c.obj
LOAD lvgl/CMakeFiles/lvgl.dir/src/core/lv_obj_class.c.obj
LOAD lvgl/CMakeFiles/lvgl.dir/src/core/lv_obj_draw.c.obj
LOAD lvgl/CMakeFiles/lvgl.dir/src/core/lv_obj_event.c.obj
LOAD lvgl/CMakeFiles/lvgl.dir/src/core/lv_obj_id_builtin.c.obj
LOAD lvgl/CMakeFiles/lvgl.dir/src/core/lv_obj_pos.c.obj
LOAD lvgl/CMakeFiles/lvgl.dir/src/core/lv_obj_property.c.obj
LOAD lvgl/CMakeFiles/lvgl.dir/src/core/lv_obj_scroll.c.obj
LOAD lvgl/CMakeFiles/lvgl.dir/src/core/lv_obj_style.c.obj
LOAD lvgl/CMakeFiles/lvgl.dir/src/core/lv_obj_style_gen.c.obj
LOAD lvgl/CMakeFiles/lvgl.dir/src/core/lv_obj_tree.c.obj
LOAD lvgl/CMakeFiles/lvgl.dir/src/core/lv_refr.c.obj
LOAD lvgl/CMakeFiles/lvgl.dir/src/display/lv_display.c.obj
LOAD lvgl/CMakeFiles/lvgl.dir/src/draw/dma2d/lv_draw_dma2d.c.obj
LOAD lvgl/CMakeFiles/lvgl.dir/src/draw/dma2d/lv_draw_dma2d_fill.c.obj
LOAD lvgl/CMakeFiles/lvgl.dir/src/draw/dma2d/lv_draw_dma2d_img.c.obj
LOAD lvgl/CMakeFiles/lvgl.dir/src/draw/lv_draw.c.obj
LOAD lvgl/CMakeFiles/lvgl.dir/src/draw/lv_draw_3d.c.obj
LOAD lvgl/CMakeFiles/lvgl.dir/src/draw/lv_draw_arc.c.obj
LOAD lvgl/CMakeFiles/lvgl.dir/src/draw/lv_draw_buf.c.obj
LOAD lvgl/CMakeFiles/lvgl.dir/src/draw/lv_draw_image.c.obj
LOAD lvgl/CMakeFiles/lvgl.dir/src/draw/lv_draw_label.c.obj
LOAD lvgl/CMakeFiles/lvgl.dir/src/draw/lv_draw_line.c.obj
LOAD lvgl/CMakeFiles/lvgl.dir/src/draw/lv_draw_mask.c.obj
LOAD lvgl/CMakeFiles/lvgl.dir/src/draw/lv_draw_rect.c.obj
LOAD lvgl/CMakeFiles/lvgl.dir/src/draw/lv_draw_triangle.c.obj
LOAD lvgl/CMakeFiles/lvgl.dir/src/draw/lv_draw_vector.c.obj
LOAD lvgl/CMakeFiles/lvgl.dir/src/draw/lv_image_decoder.c.obj
LOAD lvgl/CMakeFiles/lvgl.dir/src/draw/nema_gfx/lv_draw_nema_gfx.c.obj
LOAD lvgl/CMakeFiles/lvgl.dir/src/draw/nema_gfx/lv_draw_nema_gfx_arc.c.obj
LOAD lvgl/CMakeFiles/lvgl.dir/src/draw/nema_gfx/lv_draw_nema_gfx_border.c.obj
LOAD lvgl/CMakeFiles/lvgl.dir/src/draw/nema_gfx/lv_draw_nema_gfx_fill.c.obj
LOAD lvgl/CMakeFiles/lvgl.dir/src/draw/nema_gfx/lv_draw_nema_gfx_img.c.obj
LOAD lvgl/CMakeFiles/lvgl.dir/src/draw/nema_gfx/lv_draw_nema_gfx_label.c.obj
LOAD lvgl/CMakeFiles/lvgl.dir/src/draw/nema_gfx/lv_draw_nema_gfx_layer.c.obj
LOAD lvgl/CMakeFiles/lvgl.dir/src/draw/nema_gfx/lv_draw_nema_gfx_line.c.obj
LOAD lvgl/CMakeFiles/lvgl.dir/src/draw/nema_gfx/lv_draw_nema_gfx_stm32_hal.c.obj
LOAD lvgl/CMakeFiles/lvgl.dir/src/draw/nema_gfx/lv_draw_nema_gfx_triangle.c.obj
LOAD lvgl/CMakeFiles/lvgl.dir/src/draw/nema_gfx/lv_draw_nema_gfx_utils.c.obj
LOAD lvgl/CMakeFiles/lvgl.dir/src/draw/nema_gfx/lv_nema_gfx_path.c.obj
LOAD lvgl/CMakeFiles/lvgl.dir/src/draw/nxp/g2d/lv_draw_buf_g2d.c.obj
LOAD lvgl/CMakeFiles/lvgl.dir/src/draw/nxp/g2d/lv_draw_g2d.c.obj
LOAD lvgl/CMakeFiles/lvgl.dir/src/draw/nxp/g2d/lv_draw_g2d_fill.c.obj
LOAD lvgl/CMakeFiles/lvgl.dir/src/draw/nxp/g2d/lv_draw_g2d_img.c.obj
LOAD lvgl/CMakeFiles/lvgl.dir/src/draw/nxp/g2d/lv_g2d_buf_map.c.obj
LOAD lvgl/CMakeFiles/lvgl.dir/src/draw/nxp/g2d/lv_g2d_utils.c.obj
LOAD lvgl/CMakeFiles/lvgl.dir/src/draw/nxp/pxp/lv_draw_buf_pxp.c.obj
LOAD lvgl/CMakeFiles/lvgl.dir/src/draw/nxp/pxp/lv_draw_pxp.c.obj
LOAD lvgl/CMakeFiles/lvgl.dir/src/draw/nxp/pxp/lv_draw_pxp_fill.c.obj
LOAD lvgl/CMakeFiles/lvgl.dir/src/draw/nxp/pxp/lv_draw_pxp_img.c.obj
LOAD lvgl/CMakeFiles/lvgl.dir/src/draw/nxp/pxp/lv_draw_pxp_layer.c.obj
LOAD lvgl/CMakeFiles/lvgl.dir/src/draw/nxp/pxp/lv_pxp_cfg.c.obj
LOAD lvgl/CMakeFiles/lvgl.dir/src/draw/nxp/pxp/lv_pxp_osa.c.obj
LOAD lvgl/CMakeFiles/lvgl.dir/src/draw/nxp/pxp/lv_pxp_utils.c.obj
LOAD lvgl/CMakeFiles/lvgl.dir/src/draw/nxp/vglite/lv_draw_buf_vglite.c.obj
LOAD lvgl/CMakeFiles/lvgl.dir/src/draw/nxp/vglite/lv_draw_vglite.c.obj
LOAD lvgl/CMakeFiles/lvgl.dir/src/draw/nxp/vglite/lv_draw_vglite_arc.c.obj
LOAD lvgl/CMakeFiles/lvgl.dir/src/draw/nxp/vglite/lv_draw_vglite_border.c.obj
LOAD lvgl/CMakeFiles/lvgl.dir/src/draw/nxp/vglite/lv_draw_vglite_fill.c.obj
LOAD lvgl/CMakeFiles/lvgl.dir/src/draw/nxp/vglite/lv_draw_vglite_img.c.obj
LOAD lvgl/CMakeFiles/lvgl.dir/src/draw/nxp/vglite/lv_draw_vglite_label.c.obj
LOAD lvgl/CMakeFiles/lvgl.dir/src/draw/nxp/vglite/lv_draw_vglite_layer.c.obj
LOAD lvgl/CMakeFiles/lvgl.dir/src/draw/nxp/vglite/lv_draw_vglite_line.c.obj
LOAD lvgl/CMakeFiles/lvgl.dir/src/draw/nxp/vglite/lv_draw_vglite_triangle.c.obj
LOAD lvgl/CMakeFiles/lvgl.dir/src/draw/nxp/vglite/lv_vglite_buf.c.obj
LOAD lvgl/CMakeFiles/lvgl.dir/src/draw/nxp/vglite/lv_vglite_matrix.c.obj
LOAD lvgl/CMakeFiles/lvgl.dir/src/draw/nxp/vglite/lv_vglite_path.c.obj
LOAD lvgl/CMakeFiles/lvgl.dir/src/draw/nxp/vglite/lv_vglite_utils.c.obj
LOAD lvgl/CMakeFiles/lvgl.dir/src/draw/opengles/lv_draw_opengles.c.obj
LOAD lvgl/CMakeFiles/lvgl.dir/src/draw/renesas/dave2d/lv_draw_dave2d.c.obj
LOAD lvgl/CMakeFiles/lvgl.dir/src/draw/renesas/dave2d/lv_draw_dave2d_arc.c.obj
LOAD lvgl/CMakeFiles/lvgl.dir/src/draw/renesas/dave2d/lv_draw_dave2d_border.c.obj
LOAD lvgl/CMakeFiles/lvgl.dir/src/draw/renesas/dave2d/lv_draw_dave2d_fill.c.obj
LOAD lvgl/CMakeFiles/lvgl.dir/src/draw/renesas/dave2d/lv_draw_dave2d_image.c.obj
LOAD lvgl/CMakeFiles/lvgl.dir/src/draw/renesas/dave2d/lv_draw_dave2d_label.c.obj
LOAD lvgl/CMakeFiles/lvgl.dir/src/draw/renesas/dave2d/lv_draw_dave2d_line.c.obj
LOAD lvgl/CMakeFiles/lvgl.dir/src/draw/renesas/dave2d/lv_draw_dave2d_mask_rectangle.c.obj
LOAD lvgl/CMakeFiles/lvgl.dir/src/draw/renesas/dave2d/lv_draw_dave2d_triangle.c.obj
LOAD lvgl/CMakeFiles/lvgl.dir/src/draw/renesas/dave2d/lv_draw_dave2d_utils.c.obj
LOAD lvgl/CMakeFiles/lvgl.dir/src/draw/sdl/lv_draw_sdl.c.obj
LOAD lvgl/CMakeFiles/lvgl.dir/src/draw/sw/blend/helium/lv_blend_helium.S.obj
LOAD lvgl/CMakeFiles/lvgl.dir/src/draw/sw/blend/lv_draw_sw_blend.c.obj
LOAD lvgl/CMakeFiles/lvgl.dir/src/draw/sw/blend/lv_draw_sw_blend_to_al88.c.obj
LOAD lvgl/CMakeFiles/lvgl.dir/src/draw/sw/blend/lv_draw_sw_blend_to_argb8888.c.obj
LOAD lvgl/CMakeFiles/lvgl.dir/src/draw/sw/blend/lv_draw_sw_blend_to_argb8888_premultiplied.c.obj
LOAD lvgl/CMakeFiles/lvgl.dir/src/draw/sw/blend/lv_draw_sw_blend_to_i1.c.obj
LOAD lvgl/CMakeFiles/lvgl.dir/src/draw/sw/blend/lv_draw_sw_blend_to_l8.c.obj
LOAD lvgl/CMakeFiles/lvgl.dir/src/draw/sw/blend/lv_draw_sw_blend_to_rgb565.c.obj
LOAD lvgl/CMakeFiles/lvgl.dir/src/draw/sw/blend/lv_draw_sw_blend_to_rgb565_swapped.c.obj
LOAD lvgl/CMakeFiles/lvgl.dir/src/draw/sw/blend/lv_draw_sw_blend_to_rgb888.c.obj
LOAD lvgl/CMakeFiles/lvgl.dir/src/draw/sw/blend/neon/lv_blend_neon.S.obj
LOAD lvgl/CMakeFiles/lvgl.dir/src/draw/sw/lv_draw_sw.c.obj
LOAD lvgl/CMakeFiles/lvgl.dir/src/draw/sw/lv_draw_sw_arc.c.obj
LOAD lvgl/CMakeFiles/lvgl.dir/src/draw/sw/lv_draw_sw_border.c.obj
LOAD lvgl/CMakeFiles/lvgl.dir/src/draw/sw/lv_draw_sw_box_shadow.c.obj
LOAD lvgl/CMakeFiles/lvgl.dir/src/draw/sw/lv_draw_sw_fill.c.obj
LOAD lvgl/CMakeFiles/lvgl.dir/src/draw/sw/lv_draw_sw_grad.c.obj
LOAD lvgl/CMakeFiles/lvgl.dir/src/draw/sw/lv_draw_sw_img.c.obj
LOAD lvgl/CMakeFiles/lvgl.dir/src/draw/sw/lv_draw_sw_letter.c.obj
LOAD lvgl/CMakeFiles/lvgl.dir/src/draw/sw/lv_draw_sw_line.c.obj
LOAD lvgl/CMakeFiles/lvgl.dir/src/draw/sw/lv_draw_sw_mask.c.obj
LOAD lvgl/CMakeFiles/lvgl.dir/src/draw/sw/lv_draw_sw_mask_rect.c.obj
LOAD lvgl/CMakeFiles/lvgl.dir/src/draw/sw/lv_draw_sw_transform.c.obj
LOAD lvgl/CMakeFiles/lvgl.dir/src/draw/sw/lv_draw_sw_triangle.c.obj
LOAD lvgl/CMakeFiles/lvgl.dir/src/draw/sw/lv_draw_sw_utils.c.obj
LOAD lvgl/CMakeFiles/lvgl.dir/src/draw/sw/lv_draw_sw_vector.c.obj
LOAD lvgl/CMakeFiles/lvgl.dir/src/draw/vg_lite/lv_draw_buf_vg_lite.c.obj
LOAD lvgl/CMakeFiles/lvgl.dir/src/draw/vg_lite/lv_draw_vg_lite.c.obj
LOAD lvgl/CMakeFiles/lvgl.dir/src/draw/vg_lite/lv_draw_vg_lite_arc.c.obj
LOAD lvgl/CMakeFiles/lvgl.dir/src/draw/vg_lite/lv_draw_vg_lite_border.c.obj
LOAD lvgl/CMakeFiles/lvgl.dir/src/draw/vg_lite/lv_draw_vg_lite_box_shadow.c.obj
LOAD lvgl/CMakeFiles/lvgl.dir/src/draw/vg_lite/lv_draw_vg_lite_fill.c.obj
LOAD lvgl/CMakeFiles/lvgl.dir/src/draw/vg_lite/lv_draw_vg_lite_img.c.obj
LOAD lvgl/CMakeFiles/lvgl.dir/src/draw/vg_lite/lv_draw_vg_lite_label.c.obj
LOAD lvgl/CMakeFiles/lvgl.dir/src/draw/vg_lite/lv_draw_vg_lite_layer.c.obj
LOAD lvgl/CMakeFiles/lvgl.dir/src/draw/vg_lite/lv_draw_vg_lite_line.c.obj
LOAD lvgl/CMakeFiles/lvgl.dir/src/draw/vg_lite/lv_draw_vg_lite_mask_rect.c.obj
LOAD lvgl/CMakeFiles/lvgl.dir/src/draw/vg_lite/lv_draw_vg_lite_triangle.c.obj
LOAD lvgl/CMakeFiles/lvgl.dir/src/draw/vg_lite/lv_draw_vg_lite_vector.c.obj
LOAD lvgl/CMakeFiles/lvgl.dir/src/draw/vg_lite/lv_vg_lite_decoder.c.obj
LOAD lvgl/CMakeFiles/lvgl.dir/src/draw/vg_lite/lv_vg_lite_grad.c.obj
LOAD lvgl/CMakeFiles/lvgl.dir/src/draw/vg_lite/lv_vg_lite_math.c.obj
LOAD lvgl/CMakeFiles/lvgl.dir/src/draw/vg_lite/lv_vg_lite_path.c.obj
LOAD lvgl/CMakeFiles/lvgl.dir/src/draw/vg_lite/lv_vg_lite_pending.c.obj
LOAD lvgl/CMakeFiles/lvgl.dir/src/draw/vg_lite/lv_vg_lite_stroke.c.obj
LOAD lvgl/CMakeFiles/lvgl.dir/src/draw/vg_lite/lv_vg_lite_utils.c.obj
LOAD lvgl/CMakeFiles/lvgl.dir/src/drivers/display/drm/lv_linux_drm.c.obj
LOAD lvgl/CMakeFiles/lvgl.dir/src/drivers/display/fb/lv_linux_fbdev.c.obj
LOAD lvgl/CMakeFiles/lvgl.dir/src/drivers/display/ft81x/lv_ft81x.c.obj
LOAD lvgl/CMakeFiles/lvgl.dir/src/drivers/display/ili9341/lv_ili9341.c.obj
LOAD lvgl/CMakeFiles/lvgl.dir/src/drivers/display/lcd/lv_lcd_generic_mipi.c.obj
LOAD lvgl/CMakeFiles/lvgl.dir/src/drivers/display/renesas_glcdc/lv_renesas_glcdc.c.obj
LOAD lvgl/CMakeFiles/lvgl.dir/src/drivers/display/st7735/lv_st7735.c.obj
LOAD lvgl/CMakeFiles/lvgl.dir/src/drivers/display/st7789/lv_st7789.c.obj
LOAD lvgl/CMakeFiles/lvgl.dir/src/drivers/display/st7796/lv_st7796.c.obj
LOAD lvgl/CMakeFiles/lvgl.dir/src/drivers/display/st_ltdc/lv_st_ltdc.c.obj
LOAD lvgl/CMakeFiles/lvgl.dir/src/drivers/evdev/lv_evdev.c.obj
LOAD lvgl/CMakeFiles/lvgl.dir/src/drivers/glfw/lv_glfw_window.c.obj
LOAD lvgl/CMakeFiles/lvgl.dir/src/drivers/glfw/lv_opengles_debug.c.obj
LOAD lvgl/CMakeFiles/lvgl.dir/src/drivers/glfw/lv_opengles_driver.c.obj
LOAD lvgl/CMakeFiles/lvgl.dir/src/drivers/glfw/lv_opengles_texture.c.obj
LOAD lvgl/CMakeFiles/lvgl.dir/src/drivers/libinput/lv_libinput.c.obj
LOAD lvgl/CMakeFiles/lvgl.dir/src/drivers/libinput/lv_xkb.c.obj
LOAD lvgl/CMakeFiles/lvgl.dir/src/drivers/nuttx/lv_nuttx_cache.c.obj
LOAD lvgl/CMakeFiles/lvgl.dir/src/drivers/nuttx/lv_nuttx_entry.c.obj
LOAD lvgl/CMakeFiles/lvgl.dir/src/drivers/nuttx/lv_nuttx_fbdev.c.obj
LOAD lvgl/CMakeFiles/lvgl.dir/src/drivers/nuttx/lv_nuttx_image_cache.c.obj
LOAD lvgl/CMakeFiles/lvgl.dir/src/drivers/nuttx/lv_nuttx_lcd.c.obj
LOAD lvgl/CMakeFiles/lvgl.dir/src/drivers/nuttx/lv_nuttx_libuv.c.obj
LOAD lvgl/CMakeFiles/lvgl.dir/src/drivers/nuttx/lv_nuttx_profiler.c.obj
LOAD lvgl/CMakeFiles/lvgl.dir/src/drivers/nuttx/lv_nuttx_touchscreen.c.obj
LOAD lvgl/CMakeFiles/lvgl.dir/src/drivers/qnx/lv_qnx.c.obj
LOAD lvgl/CMakeFiles/lvgl.dir/src/drivers/sdl/lv_sdl_keyboard.c.obj
LOAD lvgl/CMakeFiles/lvgl.dir/src/drivers/sdl/lv_sdl_mouse.c.obj
LOAD lvgl/CMakeFiles/lvgl.dir/src/drivers/sdl/lv_sdl_mousewheel.c.obj
LOAD lvgl/CMakeFiles/lvgl.dir/src/drivers/sdl/lv_sdl_window.c.obj
LOAD lvgl/CMakeFiles/lvgl.dir/src/drivers/uefi/lv_uefi_context.c.obj
LOAD lvgl/CMakeFiles/lvgl.dir/src/drivers/uefi/lv_uefi_display.c.obj
LOAD lvgl/CMakeFiles/lvgl.dir/src/drivers/uefi/lv_uefi_indev_keyboard.c.obj
LOAD lvgl/CMakeFiles/lvgl.dir/src/drivers/uefi/lv_uefi_indev_pointer.c.obj
LOAD lvgl/CMakeFiles/lvgl.dir/src/drivers/uefi/lv_uefi_indev_touch.c.obj
LOAD lvgl/CMakeFiles/lvgl.dir/src/drivers/uefi/lv_uefi_private.c.obj
LOAD lvgl/CMakeFiles/lvgl.dir/src/drivers/wayland/lv_wayland.c.obj
LOAD lvgl/CMakeFiles/lvgl.dir/src/drivers/wayland/lv_wayland_smm.c.obj
LOAD lvgl/CMakeFiles/lvgl.dir/src/drivers/wayland/lv_wl_cache.c.obj
LOAD lvgl/CMakeFiles/lvgl.dir/src/drivers/wayland/lv_wl_dmabuf.c.obj
LOAD lvgl/CMakeFiles/lvgl.dir/src/drivers/wayland/lv_wl_keyboard.c.obj
LOAD lvgl/CMakeFiles/lvgl.dir/src/drivers/wayland/lv_wl_pointer.c.obj
LOAD lvgl/CMakeFiles/lvgl.dir/src/drivers/wayland/lv_wl_pointer_axis.c.obj
LOAD lvgl/CMakeFiles/lvgl.dir/src/drivers/wayland/lv_wl_seat.c.obj
LOAD lvgl/CMakeFiles/lvgl.dir/src/drivers/wayland/lv_wl_shell.c.obj
LOAD lvgl/CMakeFiles/lvgl.dir/src/drivers/wayland/lv_wl_shm.c.obj
LOAD lvgl/CMakeFiles/lvgl.dir/src/drivers/wayland/lv_wl_touch.c.obj
LOAD lvgl/CMakeFiles/lvgl.dir/src/drivers/wayland/lv_wl_window.c.obj
LOAD lvgl/CMakeFiles/lvgl.dir/src/drivers/wayland/lv_wl_window_decorations.c.obj
LOAD lvgl/CMakeFiles/lvgl.dir/src/drivers/wayland/lv_wl_xdg_shell.c.obj
LOAD lvgl/CMakeFiles/lvgl.dir/src/drivers/windows/lv_windows_context.c.obj
LOAD lvgl/CMakeFiles/lvgl.dir/src/drivers/windows/lv_windows_display.c.obj
LOAD lvgl/CMakeFiles/lvgl.dir/src/drivers/windows/lv_windows_input.c.obj
LOAD lvgl/CMakeFiles/lvgl.dir/src/drivers/x11/lv_x11_display.c.obj
LOAD lvgl/CMakeFiles/lvgl.dir/src/drivers/x11/lv_x11_input.c.obj
LOAD lvgl/CMakeFiles/lvgl.dir/src/font/lv_binfont_loader.c.obj
LOAD lvgl/CMakeFiles/lvgl.dir/src/font/lv_font.c.obj
LOAD lvgl/CMakeFiles/lvgl.dir/src/font/lv_font_dejavu_16_persian_hebrew.c.obj
LOAD lvgl/CMakeFiles/lvgl.dir/src/font/lv_font_fmt_txt.c.obj
LOAD lvgl/CMakeFiles/lvgl.dir/src/font/lv_font_montserrat_10.c.obj
LOAD lvgl/CMakeFiles/lvgl.dir/src/font/lv_font_montserrat_12.c.obj
LOAD lvgl/CMakeFiles/lvgl.dir/src/font/lv_font_montserrat_14.c.obj
LOAD lvgl/CMakeFiles/lvgl.dir/src/font/lv_font_montserrat_14_aligned.c.obj
LOAD lvgl/CMakeFiles/lvgl.dir/src/font/lv_font_montserrat_16.c.obj
LOAD lvgl/CMakeFiles/lvgl.dir/src/font/lv_font_montserrat_18.c.obj
LOAD lvgl/CMakeFiles/lvgl.dir/src/font/lv_font_montserrat_20.c.obj
LOAD lvgl/CMakeFiles/lvgl.dir/src/font/lv_font_montserrat_22.c.obj
LOAD lvgl/CMakeFiles/lvgl.dir/src/font/lv_font_montserrat_24.c.obj
LOAD lvgl/CMakeFiles/lvgl.dir/src/font/lv_font_montserrat_26.c.obj
LOAD lvgl/CMakeFiles/lvgl.dir/src/font/lv_font_montserrat_28.c.obj
LOAD lvgl/CMakeFiles/lvgl.dir/src/font/lv_font_montserrat_28_compressed.c.obj
LOAD lvgl/CMakeFiles/lvgl.dir/src/font/lv_font_montserrat_30.c.obj
LOAD lvgl/CMakeFiles/lvgl.dir/src/font/lv_font_montserrat_32.c.obj
LOAD lvgl/CMakeFiles/lvgl.dir/src/font/lv_font_montserrat_34.c.obj
LOAD lvgl/CMakeFiles/lvgl.dir/src/font/lv_font_montserrat_36.c.obj
LOAD lvgl/CMakeFiles/lvgl.dir/src/font/lv_font_montserrat_38.c.obj
LOAD lvgl/CMakeFiles/lvgl.dir/src/font/lv_font_montserrat_40.c.obj
LOAD lvgl/CMakeFiles/lvgl.dir/src/font/lv_font_montserrat_42.c.obj
LOAD lvgl/CMakeFiles/lvgl.dir/src/font/lv_font_montserrat_44.c.obj
LOAD lvgl/CMakeFiles/lvgl.dir/src/font/lv_font_montserrat_46.c.obj
LOAD lvgl/CMakeFiles/lvgl.dir/src/font/lv_font_montserrat_48.c.obj
LOAD lvgl/CMakeFiles/lvgl.dir/src/font/lv_font_montserrat_8.c.obj
LOAD lvgl/CMakeFiles/lvgl.dir/src/font/lv_font_simsun_14_cjk.c.obj
LOAD lvgl/CMakeFiles/lvgl.dir/src/font/lv_font_simsun_16_cjk.c.obj
LOAD lvgl/CMakeFiles/lvgl.dir/src/font/lv_font_source_han_sans_sc_14_cjk.c.obj
LOAD lvgl/CMakeFiles/lvgl.dir/src/font/lv_font_source_han_sans_sc_16_cjk.c.obj
LOAD lvgl/CMakeFiles/lvgl.dir/src/font/lv_font_unscii_16.c.obj
LOAD lvgl/CMakeFiles/lvgl.dir/src/font/lv_font_unscii_8.c.obj
LOAD lvgl/CMakeFiles/lvgl.dir/src/indev/lv_indev.c.obj
LOAD lvgl/CMakeFiles/lvgl.dir/src/indev/lv_indev_gesture.c.obj
LOAD lvgl/CMakeFiles/lvgl.dir/src/indev/lv_indev_scroll.c.obj
LOAD lvgl/CMakeFiles/lvgl.dir/src/layouts/flex/lv_flex.c.obj
LOAD lvgl/CMakeFiles/lvgl.dir/src/layouts/grid/lv_grid.c.obj
LOAD lvgl/CMakeFiles/lvgl.dir/src/layouts/lv_layout.c.obj
LOAD lvgl/CMakeFiles/lvgl.dir/src/libs/barcode/code128.c.obj
LOAD lvgl/CMakeFiles/lvgl.dir/src/libs/barcode/lv_barcode.c.obj
LOAD lvgl/CMakeFiles/lvgl.dir/src/libs/bin_decoder/lv_bin_decoder.c.obj
LOAD lvgl/CMakeFiles/lvgl.dir/src/libs/bmp/lv_bmp.c.obj
LOAD lvgl/CMakeFiles/lvgl.dir/src/libs/expat/xmlparse.c.obj
LOAD lvgl/CMakeFiles/lvgl.dir/src/libs/expat/xmlrole.c.obj
LOAD lvgl/CMakeFiles/lvgl.dir/src/libs/expat/xmltok.c.obj
LOAD lvgl/CMakeFiles/lvgl.dir/src/libs/expat/xmltok_impl.c.obj
LOAD lvgl/CMakeFiles/lvgl.dir/src/libs/expat/xmltok_ns.c.obj
LOAD lvgl/CMakeFiles/lvgl.dir/src/libs/ffmpeg/lv_ffmpeg.c.obj
LOAD lvgl/CMakeFiles/lvgl.dir/src/libs/freetype/lv_freetype.c.obj
LOAD lvgl/CMakeFiles/lvgl.dir/src/libs/freetype/lv_freetype_glyph.c.obj
LOAD lvgl/CMakeFiles/lvgl.dir/src/libs/freetype/lv_freetype_image.c.obj
LOAD lvgl/CMakeFiles/lvgl.dir/src/libs/freetype/lv_freetype_outline.c.obj
LOAD lvgl/CMakeFiles/lvgl.dir/src/libs/freetype/lv_ftsystem.c.obj
LOAD lvgl/CMakeFiles/lvgl.dir/src/libs/fsdrv/lv_fs_cbfs.c.obj
LOAD lvgl/CMakeFiles/lvgl.dir/src/libs/fsdrv/lv_fs_fatfs.c.obj
LOAD lvgl/CMakeFiles/lvgl.dir/src/libs/fsdrv/lv_fs_littlefs.c.obj
LOAD lvgl/CMakeFiles/lvgl.dir/src/libs/fsdrv/lv_fs_memfs.c.obj
LOAD lvgl/CMakeFiles/lvgl.dir/src/libs/fsdrv/lv_fs_posix.c.obj
LOAD lvgl/CMakeFiles/lvgl.dir/src/libs/fsdrv/lv_fs_stdio.c.obj
LOAD lvgl/CMakeFiles/lvgl.dir/src/libs/fsdrv/lv_fs_uefi.c.obj
LOAD lvgl/CMakeFiles/lvgl.dir/src/libs/fsdrv/lv_fs_win32.c.obj
LOAD lvgl/CMakeFiles/lvgl.dir/src/libs/gif/gifdec.c.obj
LOAD lvgl/CMakeFiles/lvgl.dir/src/libs/gif/lv_gif.c.obj
LOAD lvgl/CMakeFiles/lvgl.dir/src/libs/libjpeg_turbo/lv_libjpeg_turbo.c.obj
LOAD lvgl/CMakeFiles/lvgl.dir/src/libs/libpng/lv_libpng.c.obj
LOAD lvgl/CMakeFiles/lvgl.dir/src/libs/lodepng/lodepng.c.obj
LOAD lvgl/CMakeFiles/lvgl.dir/src/libs/lodepng/lv_lodepng.c.obj
LOAD lvgl/CMakeFiles/lvgl.dir/src/libs/lz4/lz4.c.obj
LOAD lvgl/CMakeFiles/lvgl.dir/src/libs/qrcode/lv_qrcode.c.obj
LOAD lvgl/CMakeFiles/lvgl.dir/src/libs/qrcode/qrcodegen.c.obj
LOAD lvgl/CMakeFiles/lvgl.dir/src/libs/rle/lv_rle.c.obj
LOAD lvgl/CMakeFiles/lvgl.dir/src/libs/rlottie/lv_rlottie.c.obj
LOAD lvgl/CMakeFiles/lvgl.dir/src/libs/svg/lv_svg.c.obj
LOAD lvgl/CMakeFiles/lvgl.dir/src/libs/svg/lv_svg_decoder.c.obj
LOAD lvgl/CMakeFiles/lvgl.dir/src/libs/svg/lv_svg_parser.c.obj
LOAD lvgl/CMakeFiles/lvgl.dir/src/libs/svg/lv_svg_render.c.obj
LOAD lvgl/CMakeFiles/lvgl.dir/src/libs/svg/lv_svg_token.c.obj
LOAD lvgl/CMakeFiles/lvgl.dir/src/libs/tiny_ttf/lv_tiny_ttf.c.obj
LOAD lvgl/CMakeFiles/lvgl.dir/src/libs/tjpgd/lv_tjpgd.c.obj
LOAD lvgl/CMakeFiles/lvgl.dir/src/libs/tjpgd/tjpgd.c.obj
LOAD lvgl/CMakeFiles/lvgl.dir/src/lv_init.c.obj
LOAD lvgl/CMakeFiles/lvgl.dir/src/misc/cache/class/lv_cache_lru_ll.c.obj
LOAD lvgl/CMakeFiles/lvgl.dir/src/misc/cache/class/lv_cache_lru_rb.c.obj
LOAD lvgl/CMakeFiles/lvgl.dir/src/misc/cache/instance/lv_image_cache.c.obj
LOAD lvgl/CMakeFiles/lvgl.dir/src/misc/cache/instance/lv_image_header_cache.c.obj
LOAD lvgl/CMakeFiles/lvgl.dir/src/misc/cache/lv_cache.c.obj
LOAD lvgl/CMakeFiles/lvgl.dir/src/misc/cache/lv_cache_entry.c.obj
LOAD lvgl/CMakeFiles/lvgl.dir/src/misc/lv_anim.c.obj
LOAD lvgl/CMakeFiles/lvgl.dir/src/misc/lv_anim_timeline.c.obj
LOAD lvgl/CMakeFiles/lvgl.dir/src/misc/lv_area.c.obj
LOAD lvgl/CMakeFiles/lvgl.dir/src/misc/lv_array.c.obj
LOAD lvgl/CMakeFiles/lvgl.dir/src/misc/lv_async.c.obj
LOAD lvgl/CMakeFiles/lvgl.dir/src/misc/lv_bidi.c.obj
LOAD lvgl/CMakeFiles/lvgl.dir/src/misc/lv_circle_buf.c.obj
LOAD lvgl/CMakeFiles/lvgl.dir/src/misc/lv_color.c.obj
LOAD lvgl/CMakeFiles/lvgl.dir/src/misc/lv_color_op.c.obj
LOAD lvgl/CMakeFiles/lvgl.dir/src/misc/lv_event.c.obj
LOAD lvgl/CMakeFiles/lvgl.dir/src/misc/lv_fs.c.obj
LOAD lvgl/CMakeFiles/lvgl.dir/src/misc/lv_grad.c.obj
LOAD lvgl/CMakeFiles/lvgl.dir/src/misc/lv_iter.c.obj
LOAD lvgl/CMakeFiles/lvgl.dir/src/misc/lv_ll.c.obj
LOAD lvgl/CMakeFiles/lvgl.dir/src/misc/lv_log.c.obj
LOAD lvgl/CMakeFiles/lvgl.dir/src/misc/lv_lru.c.obj
LOAD lvgl/CMakeFiles/lvgl.dir/src/misc/lv_math.c.obj
LOAD lvgl/CMakeFiles/lvgl.dir/src/misc/lv_matrix.c.obj
LOAD lvgl/CMakeFiles/lvgl.dir/src/misc/lv_palette.c.obj
LOAD lvgl/CMakeFiles/lvgl.dir/src/misc/lv_profiler_builtin.c.obj
LOAD lvgl/CMakeFiles/lvgl.dir/src/misc/lv_rb.c.obj
LOAD lvgl/CMakeFiles/lvgl.dir/src/misc/lv_style.c.obj
LOAD lvgl/CMakeFiles/lvgl.dir/src/misc/lv_style_gen.c.obj
LOAD lvgl/CMakeFiles/lvgl.dir/src/misc/lv_templ.c.obj
LOAD lvgl/CMakeFiles/lvgl.dir/src/misc/lv_text.c.obj
LOAD lvgl/CMakeFiles/lvgl.dir/src/misc/lv_text_ap.c.obj
LOAD lvgl/CMakeFiles/lvgl.dir/src/misc/lv_timer.c.obj
LOAD lvgl/CMakeFiles/lvgl.dir/src/misc/lv_tree.c.obj
LOAD lvgl/CMakeFiles/lvgl.dir/src/misc/lv_utils.c.obj
LOAD lvgl/CMakeFiles/lvgl.dir/src/osal/lv_cmsis_rtos2.c.obj
LOAD lvgl/CMakeFiles/lvgl.dir/src/osal/lv_freertos.c.obj
LOAD lvgl/CMakeFiles/lvgl.dir/src/osal/lv_linux.c.obj
LOAD lvgl/CMakeFiles/lvgl.dir/src/osal/lv_mqx.c.obj
LOAD lvgl/CMakeFiles/lvgl.dir/src/osal/lv_os.c.obj
LOAD lvgl/CMakeFiles/lvgl.dir/src/osal/lv_os_none.c.obj
LOAD lvgl/CMakeFiles/lvgl.dir/src/osal/lv_pthread.c.obj
LOAD lvgl/CMakeFiles/lvgl.dir/src/osal/lv_rtthread.c.obj
LOAD lvgl/CMakeFiles/lvgl.dir/src/osal/lv_sdl2.c.obj
LOAD lvgl/CMakeFiles/lvgl.dir/src/osal/lv_windows.c.obj
LOAD lvgl/CMakeFiles/lvgl.dir/src/others/file_explorer/lv_file_explorer.c.obj
LOAD lvgl/CMakeFiles/lvgl.dir/src/others/font_manager/lv_font_manager.c.obj
LOAD lvgl/CMakeFiles/lvgl.dir/src/others/font_manager/lv_font_manager_recycle.c.obj
LOAD lvgl/CMakeFiles/lvgl.dir/src/others/fragment/lv_fragment.c.obj
LOAD lvgl/CMakeFiles/lvgl.dir/src/others/fragment/lv_fragment_manager.c.obj
LOAD lvgl/CMakeFiles/lvgl.dir/src/others/gridnav/lv_gridnav.c.obj
LOAD lvgl/CMakeFiles/lvgl.dir/src/others/ime/lv_ime_pinyin.c.obj
LOAD lvgl/CMakeFiles/lvgl.dir/src/others/imgfont/lv_imgfont.c.obj
LOAD lvgl/CMakeFiles/lvgl.dir/src/others/monkey/lv_monkey.c.obj
LOAD lvgl/CMakeFiles/lvgl.dir/src/others/observer/lv_observer.c.obj
LOAD lvgl/CMakeFiles/lvgl.dir/src/others/snapshot/lv_snapshot.c.obj
LOAD lvgl/CMakeFiles/lvgl.dir/src/others/sysmon/lv_sysmon.c.obj
LOAD lvgl/CMakeFiles/lvgl.dir/src/others/test/lv_test_display.c.obj
LOAD lvgl/CMakeFiles/lvgl.dir/src/others/test/lv_test_helpers.c.obj
LOAD lvgl/CMakeFiles/lvgl.dir/src/others/test/lv_test_indev.c.obj
LOAD lvgl/CMakeFiles/lvgl.dir/src/others/test/lv_test_indev_gesture.c.obj
LOAD lvgl/CMakeFiles/lvgl.dir/src/others/test/lv_test_screenshot_compare.c.obj
LOAD lvgl/CMakeFiles/lvgl.dir/src/others/vg_lite_tvg/vg_lite_matrix.c.obj
LOAD lvgl/CMakeFiles/lvgl.dir/src/others/xml/lv_xml.c.obj
LOAD lvgl/CMakeFiles/lvgl.dir/src/others/xml/lv_xml_base_types.c.obj
LOAD lvgl/CMakeFiles/lvgl.dir/src/others/xml/lv_xml_component.c.obj
LOAD lvgl/CMakeFiles/lvgl.dir/src/others/xml/lv_xml_parser.c.obj
LOAD lvgl/CMakeFiles/lvgl.dir/src/others/xml/lv_xml_style.c.obj
LOAD lvgl/CMakeFiles/lvgl.dir/src/others/xml/lv_xml_update.c.obj
LOAD lvgl/CMakeFiles/lvgl.dir/src/others/xml/lv_xml_utils.c.obj
LOAD lvgl/CMakeFiles/lvgl.dir/src/others/xml/lv_xml_widget.c.obj
LOAD lvgl/CMakeFiles/lvgl.dir/src/others/xml/parsers/lv_xml_arc_parser.c.obj
LOAD lvgl/CMakeFiles/lvgl.dir/src/others/xml/parsers/lv_xml_bar_parser.c.obj
LOAD lvgl/CMakeFiles/lvgl.dir/src/others/xml/parsers/lv_xml_button_parser.c.obj
LOAD lvgl/CMakeFiles/lvgl.dir/src/others/xml/parsers/lv_xml_buttonmatrix_parser.c.obj
LOAD lvgl/CMakeFiles/lvgl.dir/src/others/xml/parsers/lv_xml_calendar_parser.c.obj
LOAD lvgl/CMakeFiles/lvgl.dir/src/others/xml/parsers/lv_xml_canvas_parser.c.obj
LOAD lvgl/CMakeFiles/lvgl.dir/src/others/xml/parsers/lv_xml_chart_parser.c.obj
LOAD lvgl/CMakeFiles/lvgl.dir/src/others/xml/parsers/lv_xml_checkbox_parser.c.obj
LOAD lvgl/CMakeFiles/lvgl.dir/src/others/xml/parsers/lv_xml_dropdown_parser.c.obj
LOAD lvgl/CMakeFiles/lvgl.dir/src/others/xml/parsers/lv_xml_event_parser.c.obj
LOAD lvgl/CMakeFiles/lvgl.dir/src/others/xml/parsers/lv_xml_image_parser.c.obj
LOAD lvgl/CMakeFiles/lvgl.dir/src/others/xml/parsers/lv_xml_keyboard_parser.c.obj
LOAD lvgl/CMakeFiles/lvgl.dir/src/others/xml/parsers/lv_xml_label_parser.c.obj
LOAD lvgl/CMakeFiles/lvgl.dir/src/others/xml/parsers/lv_xml_obj_parser.c.obj
LOAD lvgl/CMakeFiles/lvgl.dir/src/others/xml/parsers/lv_xml_roller_parser.c.obj
LOAD lvgl/CMakeFiles/lvgl.dir/src/others/xml/parsers/lv_xml_scale_parser.c.obj
LOAD lvgl/CMakeFiles/lvgl.dir/src/others/xml/parsers/lv_xml_slider_parser.c.obj
LOAD lvgl/CMakeFiles/lvgl.dir/src/others/xml/parsers/lv_xml_spangroup_parser.c.obj
LOAD lvgl/CMakeFiles/lvgl.dir/src/others/xml/parsers/lv_xml_table_parser.c.obj
LOAD lvgl/CMakeFiles/lvgl.dir/src/others/xml/parsers/lv_xml_tabview_parser.c.obj
LOAD lvgl/CMakeFiles/lvgl.dir/src/others/xml/parsers/lv_xml_textarea_parser.c.obj
LOAD lvgl/CMakeFiles/lvgl.dir/src/stdlib/builtin/lv_mem_core_builtin.c.obj
LOAD lvgl/CMakeFiles/lvgl.dir/src/stdlib/builtin/lv_sprintf_builtin.c.obj
LOAD lvgl/CMakeFiles/lvgl.dir/src/stdlib/builtin/lv_string_builtin.c.obj
LOAD lvgl/CMakeFiles/lvgl.dir/src/stdlib/builtin/lv_tlsf.c.obj
LOAD lvgl/CMakeFiles/lvgl.dir/src/stdlib/clib/lv_mem_core_clib.c.obj
LOAD lvgl/CMakeFiles/lvgl.dir/src/stdlib/clib/lv_sprintf_clib.c.obj
LOAD lvgl/CMakeFiles/lvgl.dir/src/stdlib/clib/lv_string_clib.c.obj
LOAD lvgl/CMakeFiles/lvgl.dir/src/stdlib/lv_mem.c.obj
LOAD lvgl/CMakeFiles/lvgl.dir/src/stdlib/micropython/lv_mem_core_micropython.c.obj
LOAD lvgl/CMakeFiles/lvgl.dir/src/stdlib/rtthread/lv_mem_core_rtthread.c.obj
LOAD lvgl/CMakeFiles/lvgl.dir/src/stdlib/rtthread/lv_sprintf_rtthread.c.obj
LOAD lvgl/CMakeFiles/lvgl.dir/src/stdlib/rtthread/lv_string_rtthread.c.obj
LOAD lvgl/CMakeFiles/lvgl.dir/src/stdlib/uefi/lv_mem_core_uefi.c.obj
LOAD lvgl/CMakeFiles/lvgl.dir/src/themes/default/lv_theme_default.c.obj
LOAD lvgl/CMakeFiles/lvgl.dir/src/themes/lv_theme.c.obj
LOAD lvgl/CMakeFiles/lvgl.dir/src/themes/mono/lv_theme_mono.c.obj
LOAD lvgl/CMakeFiles/lvgl.dir/src/themes/simple/lv_theme_simple.c.obj
LOAD lvgl/CMakeFiles/lvgl.dir/src/tick/lv_tick.c.obj
LOAD lvgl/CMakeFiles/lvgl.dir/src/widgets/3dtexture/lv_3dtexture.c.obj
LOAD lvgl/CMakeFiles/lvgl.dir/src/widgets/animimage/lv_animimage.c.obj
LOAD lvgl/CMakeFiles/lvgl.dir/src/widgets/arc/lv_arc.c.obj
LOAD lvgl/CMakeFiles/lvgl.dir/src/widgets/bar/lv_bar.c.obj
LOAD lvgl/CMakeFiles/lvgl.dir/src/widgets/button/lv_button.c.obj
LOAD lvgl/CMakeFiles/lvgl.dir/src/widgets/buttonmatrix/lv_buttonmatrix.c.obj
LOAD lvgl/CMakeFiles/lvgl.dir/src/widgets/calendar/lv_calendar.c.obj
LOAD lvgl/CMakeFiles/lvgl.dir/src/widgets/calendar/lv_calendar_chinese.c.obj
LOAD lvgl/CMakeFiles/lvgl.dir/src/widgets/calendar/lv_calendar_header_arrow.c.obj
LOAD lvgl/CMakeFiles/lvgl.dir/src/widgets/calendar/lv_calendar_header_dropdown.c.obj
LOAD lvgl/CMakeFiles/lvgl.dir/src/widgets/canvas/lv_canvas.c.obj
LOAD lvgl/CMakeFiles/lvgl.dir/src/widgets/chart/lv_chart.c.obj
LOAD lvgl/CMakeFiles/lvgl.dir/src/widgets/checkbox/lv_checkbox.c.obj
LOAD lvgl/CMakeFiles/lvgl.dir/src/widgets/dropdown/lv_dropdown.c.obj
LOAD lvgl/CMakeFiles/lvgl.dir/src/widgets/image/lv_image.c.obj
LOAD lvgl/CMakeFiles/lvgl.dir/src/widgets/imagebutton/lv_imagebutton.c.obj
LOAD lvgl/CMakeFiles/lvgl.dir/src/widgets/keyboard/lv_keyboard.c.obj
LOAD lvgl/CMakeFiles/lvgl.dir/src/widgets/label/lv_label.c.obj
LOAD lvgl/CMakeFiles/lvgl.dir/src/widgets/led/lv_led.c.obj
LOAD lvgl/CMakeFiles/lvgl.dir/src/widgets/line/lv_line.c.obj
LOAD lvgl/CMakeFiles/lvgl.dir/src/widgets/list/lv_list.c.obj
LOAD lvgl/CMakeFiles/lvgl.dir/src/widgets/lottie/lv_lottie.c.obj
LOAD lvgl/CMakeFiles/lvgl.dir/src/widgets/menu/lv_menu.c.obj
LOAD lvgl/CMakeFiles/lvgl.dir/src/widgets/msgbox/lv_msgbox.c.obj
LOAD lvgl/CMakeFiles/lvgl.dir/src/widgets/objx_templ/lv_objx_templ.c.obj
LOAD lvgl/CMakeFiles/lvgl.dir/src/widgets/property/lv_animimage_properties.c.obj
LOAD lvgl/CMakeFiles/lvgl.dir/src/widgets/property/lv_dropdown_properties.c.obj
LOAD lvgl/CMakeFiles/lvgl.dir/src/widgets/property/lv_image_properties.c.obj
LOAD lvgl/CMakeFiles/lvgl.dir/src/widgets/property/lv_keyboard_properties.c.obj
LOAD lvgl/CMakeFiles/lvgl.dir/src/widgets/property/lv_label_properties.c.obj
LOAD lvgl/CMakeFiles/lvgl.dir/src/widgets/property/lv_obj_properties.c.obj
LOAD lvgl/CMakeFiles/lvgl.dir/src/widgets/property/lv_roller_properties.c.obj
LOAD lvgl/CMakeFiles/lvgl.dir/src/widgets/property/lv_slider_properties.c.obj
LOAD lvgl/CMakeFiles/lvgl.dir/src/widgets/property/lv_style_properties.c.obj
LOAD lvgl/CMakeFiles/lvgl.dir/src/widgets/property/lv_textarea_properties.c.obj
LOAD lvgl/CMakeFiles/lvgl.dir/src/widgets/roller/lv_roller.c.obj
LOAD lvgl/CMakeFiles/lvgl.dir/src/widgets/scale/lv_scale.c.obj
LOAD lvgl/CMakeFiles/lvgl.dir/src/widgets/slider/lv_slider.c.obj
LOAD lvgl/CMakeFiles/lvgl.dir/src/widgets/span/lv_span.c.obj
LOAD lvgl/CMakeFiles/lvgl.dir/src/widgets/spinbox/lv_spinbox.c.obj
LOAD lvgl/CMakeFiles/lvgl.dir/src/widgets/spinner/lv_spinner.c.obj
LOAD lvgl/CMakeFiles/lvgl.dir/src/widgets/switch/lv_switch.c.obj
LOAD lvgl/CMakeFiles/lvgl.dir/src/widgets/table/lv_table.c.obj
LOAD lvgl/CMakeFiles/lvgl.dir/src/widgets/tabview/lv_tabview.c.obj
LOAD lvgl/CMakeFiles/lvgl.dir/src/widgets/textarea/lv_textarea.c.obj
LOAD lvgl/CMakeFiles/lvgl.dir/src/widgets/tileview/lv_tileview.c.obj
LOAD lvgl/CMakeFiles/lvgl.dir/src/widgets/win/lv_win.c.obj
LOAD FreeRTOS-Kernel/libfreertos_kernel.a
START GROUP
LOAD /home/hanzhijian/workspace/stm32/build/compiler/arm-gnu-toolchain-14/arm-gnu-toolchain-14.3.rel1-x86_64-arm-none-eabi/bin/../lib/gcc/arm-none-eabi/14.3.1/thumb/v7e-m+fp/hard/libgcc.a
LOAD /home/hanzhijian/workspace/stm32/build/compiler/arm-gnu-toolchain-14/arm-gnu-toolchain-14.3.rel1-x86_64-arm-none-eabi/bin/../lib/gcc/arm-none-eabi/14.3.1/../../../../arm-none-eabi/lib/thumb/v7e-m+fp/hard/libg.a
LOAD /home/hanzhijian/workspace/stm32/build/compiler/arm-gnu-toolchain-14/arm-gnu-toolchain-14.3.rel1-x86_64-arm-none-eabi/bin/../lib/gcc/arm-none-eabi/14.3.1/../../../../arm-none-eabi/lib/thumb/v7e-m+fp/hard/libc.a
END GROUP
LOAD /home/hanzhijian/workspace/stm32/build/compiler/arm-gnu-toolchain-14/arm-gnu-toolchain-14.3.rel1-x86_64-arm-none-eabi/bin/../lib/gcc/arm-none-eabi/14.3.1/thumb/v7e-m+fp/hard/crtend.o
LOAD /home/hanzhijian/workspace/stm32/build/compiler/arm-gnu-toolchain-14/arm-gnu-toolchain-14.3.rel1-x86_64-arm-none-eabi/bin/../lib/gcc/arm-none-eabi/14.3.1/thumb/v7e-m+fp/hard/crtn.o
                0x20008060                        _estack = _stack_end
                0x00002500                        _Min_Heap_Size = 0x2500
                0x00002300                        _Min_Stack_Size = 0x2300

.isr_vector     0x08000000      0x1ac
                0x08000000                        . = ALIGN (0x4)
 *(.isr_vector)
 .isr_vector    0x08000000      0x1ac CMakeFiles/STM32F429_Project.elf.dir/startup/startup_stm32f429xx.s.obj
                0x08000000                g_pfnVectors
                0x080001ac                        . = ALIGN (0x4)

.text           0x080001c0    0x68c88
                0x080001c0                        . = ALIGN (0x4)
 *(.text)
 .text          0x080001c0       0xe8 CMakeFiles/STM32F429_Project.elf.dir/Application/bsp_mpu_exti.c.obj
                0x080001e6                EXTI_MPU_Config
                0x08000248                EXTI_MPU_Disable
                0x08000288                EXTI1_IRQHandler
 .text          0x080002a8       0xac CMakeFiles/STM32F429_Project.elf.dir/Application/led/bsp_led.c.obj
                0x080002a8                LED_GPIO_Config
                0x0800031c                KEY_GPIO_Config
 .text          0x08000354      0xdd8 CMakeFiles/STM32F429_Project.elf.dir/Application/main.c.obj
                0x080003e4                vApplicationStackOverflowHook
                0x080003fa                vApplicationMallocFailedHook
                0x0800040c                HardFault_Handler
                0x0800042c                HardFault_Handler_C
                0x080004d4                EXTI_Config
                0x0800050e                DMA1_Stream0_IRQHandler
                0x080005e6                SHT4x_ReadTempHumid
                0x080008d8                gyro_data_ready_cb
                0x080008f8                SHT4x_DMA_Init
                0x08000980                SHT4x_ReadTempHumid_DMA
                0x08000ce0                SHT4x_ReadHighPrecision
                0x08000cfe                DMA2D_IRQHandler
                0x08000e3c                hal_init
                0x08000fcc                lvglTimerCb
                0x080010c4                main
 .text          0x0800112c       0x34 CMakeFiles/STM32F429_Project.elf.dir/Application/stm32f4xx_it.c.obj
                0x0800112c                NMI_Handler
                0x0800113a                MemManage_Handler
                0x08001142                BusFault_Handler
                0x0800114a                UsageFault_Handler
                0x08001152                DebugMon_Handler
 .text          0x08001160       0xfc CMakeFiles/STM32F429_Project.elf.dir/Application/syscalls.c.obj
                0x08001160                _kill
                0x08001180                _getpid
                0x08001190                _exit
                0x0800119c                _close
                0x080011b4                _fstat
                0x080011d4                _isatty
                0x080011ea                _lseek
                0x08001204                _read
                0x0800121e                _sbrk
 .text          0x0800125c      0x2ac CMakeFiles/STM32F429_Project.elf.dir/Application/system_stm32f4xx.c.obj
                0x0800125c                SystemInit
                0x080012d8                SystemCoreClockUpdate
 .text          0x08001508      0x33c CMakeFiles/STM32F429_Project.elf.dir/Application/usart.c.obj
                0x08001508                USART_GPIO_Config
                0x08001564                USART1_Init
                0x080015f0                DMA_USART1_TX_Init
                0x08001690                Usart_Config
                0x080016dc                NVIC_Configuration
                0x08001702                DMA2_Stream7_IRQHandler
                0x0800173c                usart_send_char
                0x08001770                _write
                0x080017a8                fputc
                0x080017dc                fputc_bak
 .text          0x08001844      0x540 CMakeFiles/STM32F429_Project.elf.dir/Drive/Source/bsp_i2c_touch.c.obj
                0x08001868                I2C_GTP_IRQEnable
                0x080018d4                I2C_GTP_IRQDisable
                0x080019f8                I2C_ResetChip
                0x08001a70                I2C_Mode_Config
                0x08001ac0                I2C_Touch_Init
                0x08001ad8                I2C_ReadBytes
                0x08001c1c                I2C_WriteBytes
 .text          0x08001d84      0x94c CMakeFiles/STM32F429_Project.elf.dir/Drive/Source/bsp_lcd.c.obj
                0x080020c8                LCD_BackLed_Control
                0x080020f4                LCD_LayerInit
                0x080022c8                LCD_Init
                0x080025bc                LCD_LayerCamInit
 .text          0x080026d0      0x788 CMakeFiles/STM32F429_Project.elf.dir/Drive/Source/bsp_sdram.c.obj
                0x08002c04                SDRAM_Init
                0x08002c7a                SDRAM_WriteBuffer
                0x08002cd0                SDRAM_ReadBuffer
                0x08002d20                SDRAM_Test
 .text          0x08002e58      0xc78 CMakeFiles/STM32F429_Project.elf.dir/Drive/Source/bsp_touch_gtxx.c.obj
                0x08003078                GTP_I2C_Read_dbl_check
                0x08003164                GTP_IRQ_Disable
                0x08003170                GTP_IRQ_Enable
                0x08003444                GTP_Reset_Guitar
                0x08003452                GTP_Send_Command
                0x080034cc                GTP_WakeUp_Sleep
                0x08003654                GTP_Init_Panel
                0x080036a8                GTP_Read_Version
                0x0800396c                GTP_TouchProcess
                0x08003978                GTP_Execu
 .text          0x08003ad0      0x194 CMakeFiles/STM32F429_Project.elf.dir/STM32/STM32F4xx_StdPeriph_Driver/src/misc.c.obj
                0x08003ad0                NVIC_PriorityGroupConfig
                0x08003af8                NVIC_Init
                0x08003bbc                NVIC_SetVectorTable
                0x08003be8                NVIC_SystemLPConfig
                0x08003c2c                SysTick_CLKSourceConfig
 .text          0x08003c64      0x71c CMakeFiles/STM32F429_Project.elf.dir/STM32/STM32F4xx_StdPeriph_Driver/src/stm32f4xx_dma.c.obj
                0x08003c64                DMA_DeInit
                0x08003e0c                DMA_Init
                0x08003ebc                DMA_StructInit
                0x08003f2a                DMA_Cmd
                0x08003f62                DMA_PeriphIncOffsetSizeConfig
                0x08003f98                DMA_FlowControllerConfig
                0x08003fce                DMA_SetCurrDataCounter
                0x08003fec                DMA_GetCurrDataCounter
                0x08004006                DMA_DoubleBufferModeConfig
                0x08004044                DMA_DoubleBufferModeCmd
                0x0800407c                DMA_MemoryTargetConfig
                0x080040a8                DMA_GetCurrentMemoryTarget
                0x080040d8                DMA_GetCmdStatus
                0x08004108                DMA_GetFIFOStatus
                0x0800412c                DMA_GetFlagStatus
                0x080041a4                DMA_ClearFlag
                0x08004200                DMA_ITConfig
                0x08004274                DMA_GetITStatus
                0x08004324                DMA_ClearITPendingBit
 .text          0x08004380      0x6b0 CMakeFiles/STM32F429_Project.elf.dir/STM32/STM32F4xx_StdPeriph_Driver/src/stm32f4xx_dma2d.c.obj
                0x08004380                DMA2D_DeInit
                0x0800439c                DMA2D_Init
                0x080044fc                DMA2D_StructInit
                0x0800454c                DMA2D_StartTransfer
                0x0800456c                DMA2D_AbortTransfer
                0x0800458c                DMA2D_Suspend
                0x080045c8                DMA2D_FGConfig
                0x080046a8                DMA2D_FG_StructInit
                0x080046fe                DMA2D_BGConfig
                0x080047dc                DMA2D_BG_StructInit
                0x08004832                DMA2D_FGStart
                0x0800486c                DMA2D_BGStart
                0x080048a8                DMA2D_DeadTimeConfig
                0x08004900                DMA2D_LineWatermarkConfig
                0x08004920                DMA2D_ITConfig
                0x08004960                DMA2D_GetFlagStatus
                0x08004994                DMA2D_ClearFlag
                0x080049b4                DMA2D_GetITStatus
                0x08004a0c                DMA2D_ClearITPendingBit
 .text          0x08004a30      0x210 CMakeFiles/STM32F429_Project.elf.dir/STM32/STM32F4xx_StdPeriph_Driver/src/stm32f4xx_exti.c.obj
                0x08004a30                EXTI_DeInit
                0x08004a64                EXTI_Init
                0x08004b48                EXTI_StructInit
                0x08004b74                EXTI_GenerateSWInterrupt
                0x08004b98                EXTI_GetFlagStatus
                0x08004bcc                EXTI_ClearFlag
                0x08004bec                EXTI_GetITStatus
                0x08004c20                EXTI_ClearITPendingBit
 .text          0x08004c40      0xecc CMakeFiles/STM32F429_Project.elf.dir/STM32/STM32F4xx_StdPeriph_Driver/src/stm32f4xx_fmc.c.obj
                0x08004c40                FMC_NORSRAMDeInit
                0x08004c98                FMC_NORSRAMInit
                0x08004e58                FMC_NORSRAMStructInit
                0x08004ed4                FMC_NORSRAMCmd
                0x08004f28                FMC_NANDDeInit
                0x08004f84                FMC_NANDInit
                0x080050b4                FMC_NANDStructInit
                0x08005132                FMC_NANDCmd
                0x080051a0                FMC_NANDECCCmd
                0x0800520c                FMC_GetECC
                0x08005244                FMC_PCCARDDeInit
                0x0800527c                FMC_PCCARDInit
                0x08005388                FMC_PCCARDStructInit
                0x0800540e                FMC_PCCARDCmd
                0x0800544c                FMC_SDRAMDeInit
                0x08005490                FMC_SDRAMInit
                0x08005664                FMC_SDRAMStructInit
                0x080056ee                FMC_SDRAMCmdConfig
                0x08005730                FMC_GetModeStatus
                0x0800576c                FMC_SetRefreshCount
                0x08005794                FMC_SetAutoRefresh_Number
                0x080057bc                FMC_SDRAMWriteProtectionConfig
                0x0800580c                FMC_ITConfig
                0x080058e0                FMC_GetFlagStatus
                0x0800595c                FMC_ClearFlag
                0x080059d8                FMC_GetITStatus
                0x08005a8c                FMC_ClearITPendingBit
 .text          0x08005b0c      0x4d8 CMakeFiles/STM32F429_Project.elf.dir/STM32/STM32F4xx_StdPeriph_Driver/src/stm32f4xx_gpio.c.obj
                0x08005b0c                GPIO_DeInit
                0x08005c70                GPIO_Init
                0x08005d8e                GPIO_StructInit
                0x08005dc2                GPIO_PinLockConfig
                0x08005e06                GPIO_ReadInputDataBit
                0x08005e3a                GPIO_ReadInputData
                0x08005e54                GPIO_ReadOutputDataBit
                0x08005e88                GPIO_ReadOutputData
                0x08005ea2                GPIO_SetBits
                0x08005ec0                GPIO_ResetBits
                0x08005ede                GPIO_WriteBit
                0x08005f0e                GPIO_Write
                0x08005f2c                GPIO_ToggleBits
                0x08005f50                GPIO_PinAFConfig
 .text          0x08005fe4      0xa18 CMakeFiles/STM32F429_Project.elf.dir/STM32/STM32F4xx_StdPeriph_Driver/src/stm32f4xx_i2c.c.obj
                0x08005fe4                I2C_DeInit
                0x08006058                I2C_Init
                0x080061dc                I2C_StructInit
                0x0800621a                I2C_Cmd
                0x0800625a                I2C_AnalogFilterCmd
                0x0800629a                I2C_DigitalFilterConfig
                0x080062de                I2C_GenerateSTART
                0x0800631e                I2C_GenerateSTOP
                0x0800635e                I2C_Send7bitAddress
                0x0800639a                I2C_AcknowledgeConfig
                0x080063da                I2C_OwnAddress2Config
                0x0800641e                I2C_DualAddressCmd
                0x0800645e                I2C_GeneralCallCmd
                0x0800649e                I2C_SoftwareResetCmd
                0x080064e2                I2C_StretchClockCmd
                0x08006522                I2C_FastModeDutyCycleConfig
                0x08006564                I2C_NACKPositionConfig
                0x080065a6                I2C_SMBusAlertConfig
                0x080065e8                I2C_ARPCmd
                0x08006628                I2C_SendData
                0x08006648                I2C_ReceiveData
                0x08006664                I2C_TransmitPEC
                0x080066a4                I2C_PECPositionConfig
                0x080066e6                I2C_CalculatePEC
                0x08006726                I2C_GetPEC
                0x08006746                I2C_DMACmd
                0x08006786                I2C_DMALastTransferCmd
                0x080067c6                I2C_ReadRegister
                0x080067f4                I2C_ITConfig
                0x0800683c                I2C_CheckEvent
                0x0800689c                I2C_GetLastEvent
                0x080068e0                I2C_GetFlagStatus
                0x08006946                I2C_ClearFlag
                0x08006974                I2C_GetITStatus
                0x080069ce                I2C_ClearITPendingBit
 .text          0x080069fc      0xa70 CMakeFiles/STM32F429_Project.elf.dir/STM32/STM32F4xx_StdPeriph_Driver/src/stm32f4xx_ltdc.c.obj
                0x080069fc                LTDC_DeInit
                0x08006a18                LTDC_Init
                0x08006b48                LTDC_StructInit
                0x08006bb6                LTDC_Cmd
                0x08006bf0                LTDC_DitherCmd
                0x08006c2c                LTDC_GetRGBWidth
                0x08006c88                LTDC_RGBStructInit
                0x08006cae                LTDC_LIPConfig
                0x08006ccc                LTDC_ReloadConfig
                0x08006cec                LTDC_LayerInit
                0x08006e20                LTDC_LayerStructInit
                0x08006e96                LTDC_LayerCmd
                0x08006ece                LTDC_GetPosStatus
                0x08006f10                LTDC_PosStructInit
                0x08006f30                LTDC_GetCDStatus
                0x08006f60                LTDC_ColorKeyingConfig
                0x08006fe0                LTDC_ColorKeyingStructInit
                0x08007006                LTDC_CLUTCmd
                0x08007048                LTDC_CLUTInit
                0x08007096                LTDC_CLUTStructInit
                0x080070c2                LTDC_LayerPosition
                0x080071a0                LTDC_LayerAlpha
                0x080071be                LTDC_LayerAddress
                0x080071da                LTDC_LayerSize
                0x080072a6                LTDC_LayerPixelFormat
                0x08007368                LTDC_ITConfig
                0x080073a8                LTDC_GetFlagStatus
                0x080073dc                LTDC_ClearFlag
                0x080073fc                LTDC_GetITStatus
                0x0800744c                LTDC_ClearITPendingBit
 .text          0x0800746c      0xcf4 CMakeFiles/STM32F429_Project.elf.dir/STM32/STM32F4xx_StdPeriph_Driver/src/stm32f4xx_rcc.c.obj
                0x0800746c                RCC_DeInit
                0x080074dc                RCC_HSEConfig
                0x08007504                RCC_WaitForHSEStartUp
                0x08007554                RCC_AdjustHSICalibrationValue
                0x08007590                RCC_HSICmd
                0x080075b0                RCC_LSEConfig
                0x080075f4                RCC_LSICmd
                0x08007614                RCC_PLLConfig
                0x08007654                RCC_PLLCmd
                0x08007674                RCC_PLLI2SConfig
                0x080076a8                RCC_PLLI2SCmd
                0x080076c8                RCC_PLLSAIConfig
                0x080076fc                RCC_PLLSAICmd
                0x0800771c                RCC_ClockSecuritySystemCmd
                0x0800773c                RCC_MCO1Config
                0x0800777c                RCC_MCO2Config
                0x080077bc                RCC_SYSCLKConfig
                0x080077f4                RCC_GetSYSCLKSource
                0x08007814                RCC_HCLKConfig
                0x0800784c                RCC_PCLK1Config
                0x08007884                RCC_PCLK2Config
                0x080078c0                RCC_GetClocksFreq
                0x08007a1c                RCC_RTCCLKConfig
                0x08007a78                RCC_RTCCLKCmd
                0x08007a98                RCC_BackupResetCmd
                0x08007ab8                RCC_I2SCLKConfig
                0x08007ad8                RCC_SAIBlockACLKConfig
                0x08007b14                RCC_SAIBlockBCLKConfig
                0x08007b50                RCC_SAIPLLI2SClkDivConfig
                0x08007b90                RCC_SAIPLLSAIClkDivConfig
                0x08007bd0                RCC_LTDCCLKDivConfig
                0x08007c0c                RCC_TIMCLKPresConfig
                0x08007c2c                RCC_AHB1PeriphClockCmd
                0x08007c6c                RCC_AHB2PeriphClockCmd
                0x08007cac                RCC_AHB3PeriphClockCmd
                0x08007cec                RCC_APB1PeriphClockCmd
                0x08007d2c                RCC_APB2PeriphClockCmd
                0x08007d6c                RCC_AHB1PeriphResetCmd
                0x08007dac                RCC_AHB2PeriphResetCmd
                0x08007dec                RCC_AHB3PeriphResetCmd
                0x08007e2c                RCC_APB1PeriphResetCmd
                0x08007e6c                RCC_APB2PeriphResetCmd
                0x08007eac                RCC_AHB1PeriphClockLPModeCmd
                0x08007eec                RCC_AHB2PeriphClockLPModeCmd
                0x08007f2c                RCC_AHB3PeriphClockLPModeCmd
                0x08007f6c                RCC_APB1PeriphClockLPModeCmd
                0x08007fac                RCC_APB2PeriphClockLPModeCmd
                0x08007fec                RCC_LSEModeConfig
                0x08008028                RCC_ITConfig
                0x08008074                RCC_GetFlagStatus
                0x080080e8                RCC_ClearFlag
                0x08008108                RCC_GetITStatus
                0x08008140                RCC_ClearITPendingBit
 .text          0x08008160      0x154 CMakeFiles/STM32F429_Project.elf.dir/STM32/STM32F4xx_StdPeriph_Driver/src/stm32f4xx_syscfg.c.obj
                0x08008160                SYSCFG_DeInit
                0x0800817c                SYSCFG_MemoryRemapConfig
                0x0800819c                SYSCFG_MemorySwappingBank
                0x080081bc                SYSCFG_EXTILineConfig
                0x08008240                SYSCFG_ETH_MediaInterfaceConfig
                0x08008260                SYSCFG_CompensationCellCmd
                0x08008280                SYSCFG_GetCompensationCellStatus
 .text          0x080082b4      0x970 CMakeFiles/STM32F429_Project.elf.dir/STM32/STM32F4xx_StdPeriph_Driver/src/stm32f4xx_usart.c.obj
                0x080082b4                USART_DeInit
                0x080083cc                USART_Init
                0x08008540                USART_StructInit
                0x0800857a                USART_ClockInit
                0x080085d0                USART_ClockStructInit
                0x080085fc                USART_Cmd
                0x0800863c                USART_SetPrescaler
                0x08008676                USART_OverSampling8Cmd
                0x080086ba                USART_OneBitMethodCmd
                0x080086fa                USART_SendData
                0x0800871e                USART_ReceiveData
                0x0800873e                USART_SetAddress
                0x08008778                USART_ReceiverWakeUpCmd
                0x080087b8                USART_WakeUpConfig
                0x080087f0                USART_LINBreakDetectLengthConfig
                0x08008828                USART_LINCmd
                0x08008868                USART_SendBreak
                0x0800888c                USART_HalfDuplexCmd
                0x080088cc                USART_SetGuardTime
                0x08008908                USART_SmartCardCmd
                0x08008948                USART_SmartCardNACKCmd
                0x08008988                USART_IrDAConfig
                0x080089c0                USART_IrDACmd
                0x08008a00                USART_DMACmd
                0x08008a48                USART_ITConfig
                0x08008ad8                USART_GetFlagStatus
                0x08008b10                USART_ClearFlag
                0x08008b32                USART_GetITStatus
                0x08008be8                USART_ClearITPendingBit
 .text          0x08008c24     0x20cc CMakeFiles/STM32F429_Project.elf.dir/STM32/CMSIS/RTOS2/Source/cmsis_os2.c.obj
                0x08008c24                SysTick_Handler
                0x08008c92                osKernelInitialize
                0x08008ce0                osKernelGetInfo
                0x08008d30                osKernelGetState
                0x08008d74                osKernelStart
                0x08008dc4                osKernelLock
                0x08008e12                osKernelUnlock
                0x08008e5c                osKernelRestoreLock
                0x08008ed2                osKernelGetTickCount
                0x08008efa                osKernelGetTickFreq
                0x08008f0c                osKernelGetSysTimerCount
                0x08008f84                osKernelGetSysTimerFreq
                0x08008f9c                osThreadNew
                0x080090ba                osThreadGetName
                0x080090f8                osThreadGetId
                0x0800910e                osThreadGetState
                0x08009170                osThreadGetStackSpace
                0x080091a8                osThreadSetPriority
                0x080091fc                osThreadGetPriority
                0x08009236                osThreadYield
                0x08009270                osThreadSuspend
                0x080092b0                osThreadResume
                0x0800931a                osThreadExit
                0x08009328                osThreadTerminate
                0x08009380                osThreadGetCount
                0x080093a6                osThreadEnumerate
                0x0800944a                osThreadFlagsSet
                0x080094f4                osThreadFlagsClear
                0x08009576                osThreadFlagsGet
                0x080095ba                osThreadFlagsWait
                0x080096fc                osDelay
                0x08009730                osDelayUntil
                0x080097c6                osTimerNew
                0x08009904                osTimerGetName
                0x08009942                osTimerStart
                0x080099a2                osTimerStop
                0x08009a0e                osTimerIsRunning
                0x08009a44                osTimerDelete
                0x08009abc                osEventFlagsNew
                0x08009b38                osEventFlagsSet
                0x08009bc8                osEventFlagsClear
                0x08009c40                osEventFlagsGet
                0x08009c80                osEventFlagsWait
                0x08009d56                osEventFlagsDelete
                0x08009d96                osMutexNew
                0x08009e80                osMutexAcquire
                0x08009f14                osMutexRelease
                0x08009f8c                osMutexGetOwner
                0x08009fc4                osMutexDelete
                0x0800a008                osSemaphoreNew
                0x0800a0f8                osSemaphoreAcquire
                0x0800a198                osSemaphoreRelease
                0x0800a21c                osSemaphoreGetCount
                0x0800a25a                osSemaphoreDelete
                0x0800a29a                osMessageQueueNew
                0x0800a35e                osMessageQueuePut
                0x0800a41c                osMessageQueueGet
                0x0800a4d4                osMessageQueueGetCapacity
                0x0800a4fe                osMessageQueueGetMsgSize
                0x0800a528                osMessageQueueGetCount
                0x0800a566                osMessageQueueGetSpace
                0x0800a5d6                osMessageQueueReset
                0x0800a618                osMessageQueueDelete
                0x0800a658                osMemoryPoolNew
                0x0800a7f8                osMemoryPoolGetName
                0x0800a832                osMemoryPoolAlloc
                0x0800a91c                osMemoryPoolFree
                0x0800aa4c                osMemoryPoolGetCapacity
                0x0800aa90                osMemoryPoolGetBlockSize
                0x0800aad4                osMemoryPoolGetCount
                0x0800ab3c                osMemoryPoolGetSpace
                0x0800ab9c                osMemoryPoolDelete
 .text          0x0800acf0      0x198 CMakeFiles/STM32F429_Project.elf.dir/STM32/CMSIS/RTOS2/Source/os_systick.c.obj
                0x0800acf0                OS_Tick_Setup
                0x0800ad60                OS_Tick_Enable
                0x0800ad9c                OS_Tick_Disable
                0x0800addc                OS_Tick_AcknowledgeIRQ
                0x0800adf4                OS_Tick_GetIRQn
                0x0800ae06                OS_Tick_GetClock
                0x0800ae1c                OS_Tick_GetInterval
                0x0800ae34                OS_Tick_GetCount
                0x0800ae6c                OS_Tick_GetOverflow
 .text          0x0800ae88      0x2ec FreeRTOS-Kernel/CMakeFiles/freertos_kernel.dir/event_groups.c.obj
                0x0800ae88                xEventGroupCreateStatic
                0x0800aeb4                xEventGroupCreate
                0x0800aed0                xEventGroupWaitBits
                0x0800afa2                xEventGroupClearBits
                0x0800afc8                vEventGroupClearBitsCallback
                0x0800afcc                xEventGroupClearBitsFromISR
                0x0800afdc                xEventGroupGetBitsFromISR
                0x0800aff8                xEventGroupSetBits
                0x0800b060                xEventGroupSync
                0x0800b102                vEventGroupSetBitsCallback
                0x0800b106                vEventGroupDelete
                0x0800b142                xEventGroupGetStaticBuffer
                0x0800b158                xEventGroupSetBitsFromISR
                0x0800b168                uxEventGroupGetNumber
                0x0800b16e                vEventGroupSetNumber
 .text          0x0800b174       0x7e FreeRTOS-Kernel/CMakeFiles/freertos_kernel.dir/list.c.obj
                0x0800b174                vListInitialise
                0x0800b18a                vListInitialiseItem
                0x0800b190                vListInsertEnd
                0x0800b1a6                vListInsert
                0x0800b1d4                uxListRemove
 .text          0x0800b1f2      0xa86 FreeRTOS-Kernel/CMakeFiles/freertos_kernel.dir/queue.c.obj
                0x0800b304                xQueueGenericReset
                0x0800b386                xQueueGenericCreateStatic
                0x0800b3da                xQueueGenericGetStaticBuffers
                0x0800b3fa                xQueueGenericCreate
                0x0800b44e                xQueueGetMutexHolder
                0x0800b46c                xQueueGetMutexHolderFromISR
                0x0800b47c                xQueueCreateCountingSemaphoreStatic
                0x0800b4a2                xQueueCreateCountingSemaphore
                0x0800b4c0                xQueueGenericSend
                0x0800b5de                xQueueCreateMutexStatic
                0x0800b608                xQueueGiveMutexRecursive
                0x0800b636                xQueueCreateMutex
                0x0800b65a                xQueueGenericSendFromISR
                0x0800b6f6                xQueueGiveFromISR
                0x0800b776                xQueueReceive
                0x0800b87c                xQueueSemaphoreTake
                0x0800b9ae                xQueueTakeMutexRecursive
                0x0800b9da                xQueuePeek
                0x0800bade                xQueueReceiveFromISR
                0x0800bb6a                xQueuePeekFromISR
                0x0800bbb6                uxQueueMessagesWaiting
                0x0800bbcc                uxQueueSpacesAvailable
                0x0800bbe6                uxQueueMessagesWaitingFromISR
                0x0800bbee                vQueueDelete
                0x0800bbfe                uxQueueGetQueueNumber
                0x0800bc02                vQueueSetQueueNumber
                0x0800bc06                ucQueueGetQueueType
                0x0800bc0c                uxQueueGetQueueItemSize
                0x0800bc10                uxQueueGetQueueLength
                0x0800bc14                xQueueIsQueueEmptyFromISR
                0x0800bc22                xQueueIsQueueFullFromISR
                0x0800bc32                vQueueWaitForMessageRestricted
 .text          0x0800bc78     0x1968 FreeRTOS-Kernel/CMakeFiles/freertos_kernel.dir/tasks.c.obj
                0x0800bf4e                xTaskCreateStatic
                0x0800bfbe                xTaskCreate
                0x0800c01a                vTaskDelete
                0x0800c0b0                eTaskGetState
                0x0800c12c                uxTaskPriorityGet
                0x0800c148                uxTaskPriorityGetFromISR
                0x0800c178                uxTaskBasePriorityGet
                0x0800c194                uxTaskBasePriorityGetFromISR
                0x0800c1c4                vTaskPrioritySet
                0x0800c290                vTaskResume
                0x0800c318                xTaskResumeFromISR
                0x0800c3c0                vTaskStartScheduler
                0x0800c448                vTaskEndScheduler
                0x0800c484                vTaskSuspendAll
                0x0800c498                xTaskGetTickCount
                0x0800c4a4                xTaskGetTickCountFromISR
                0x0800c4b8                uxTaskGetNumberOfTasks
                0x0800c4c4                pcTaskGetName
                0x0800c4d8                xTaskGetStaticBuffers
                0x0800c510                xTaskIncrementTick
                0x0800c670                xTaskResumeAll
                0x0800c78c                xTaskDelayUntil
                0x0800c7f4                vTaskDelay
                0x0800c834                xTaskCatchUpTicks
                0x0800c864                xTaskAbortDelay
                0x0800c8f4                vTaskSwitchContext
                0x0800c978                vTaskSuspend
                0x0800ca10                vTaskPlaceOnEventList
                0x0800ca34                vTaskPlaceOnUnorderedEventList
                0x0800ca80                vTaskPlaceOnEventListRestricted
                0x0800cac4                xTaskRemoveFromEventList
                0x0800cb84                vTaskRemoveFromUnorderedEventList
                0x0800cc20                vTaskSetTimeOutState
                0x0800cc48                vTaskInternalSetTimeOutState
                0x0800cc5c                xTaskCheckForTimeOut
                0x0800ccc4                vTaskMissedYield
                0x0800ccd4                uxTaskGetTaskNumber
                0x0800ccda                vTaskSetTaskNumber
                0x0800cce0                vTaskGetInfo
                0x0800cdae                uxTaskGetSystemState
                0x0800ce4c                uxTaskGetStackHighWaterMark
                0x0800ce68                xTaskGetCurrentTaskHandle
                0x0800ce74                xTaskGetCurrentTaskHandleForCore
                0x0800ce84                xTaskGetSchedulerState
                0x0800cea4                xTaskPriorityInherit
                0x0800cf34                xTaskPriorityDisinherit
                0x0800cfac                vTaskPriorityDisinheritAfterTimeout
                0x0800d038                uxTaskResetEventItemValue